Archive member included to satisfy reference by file (symbol)

c:/st/stm32cubeide_1.9.0/stm32cubeide/plugins/com.st.stm32cube.ide.mcu.externaltools.gnu-tools-for-stm32.10.3-2021.10.win32_1.0.0.202111181127/tools/bin/../lib/gcc/arm-none-eabi/10.3.1/../../../../arm-none-eabi/lib/thumb/v7e-m+fp/hard\libc_nano.a(lib_a-errno.o)
                              ./Core/Src/syscalls.o (__errno)
c:/st/stm32cubeide_1.9.0/stm32cubeide/plugins/com.st.stm32cube.ide.mcu.externaltools.gnu-tools-for-stm32.10.3-2021.10.win32_1.0.0.202111181127/tools/bin/../lib/gcc/arm-none-eabi/10.3.1/../../../../arm-none-eabi/lib/thumb/v7e-m+fp/hard\libc_nano.a(lib_a-exit.o)
                              c:/st/stm32cubeide_1.9.0/stm32cubeide/plugins/com.st.stm32cube.ide.mcu.externaltools.gnu-tools-for-stm32.10.3-2021.10.win32_1.0.0.202111181127/tools/bin/../lib/gcc/arm-none-eabi/10.3.1/../../../../arm-none-eabi/lib/thumb/v7e-m+fp/hard/crt0.o (exit)
c:/st/stm32cubeide_1.9.0/stm32cubeide/plugins/com.st.stm32cube.ide.mcu.externaltools.gnu-tools-for-stm32.10.3-2021.10.win32_1.0.0.202111181127/tools/bin/../lib/gcc/arm-none-eabi/10.3.1/../../../../arm-none-eabi/lib/thumb/v7e-m+fp/hard\libc_nano.a(lib_a-impure.o)
                              c:/st/stm32cubeide_1.9.0/stm32cubeide/plugins/com.st.stm32cube.ide.mcu.externaltools.gnu-tools-for-stm32.10.3-2021.10.win32_1.0.0.202111181127/tools/bin/../lib/gcc/arm-none-eabi/10.3.1/../../../../arm-none-eabi/lib/thumb/v7e-m+fp/hard\libc_nano.a(lib_a-exit.o) (_global_impure_ptr)
c:/st/stm32cubeide_1.9.0/stm32cubeide/plugins/com.st.stm32cube.ide.mcu.externaltools.gnu-tools-for-stm32.10.3-2021.10.win32_1.0.0.202111181127/tools/bin/../lib/gcc/arm-none-eabi/10.3.1/../../../../arm-none-eabi/lib/thumb/v7e-m+fp/hard\libc_nano.a(lib_a-init.o)
                              c:/st/stm32cubeide_1.9.0/stm32cubeide/plugins/com.st.stm32cube.ide.mcu.externaltools.gnu-tools-for-stm32.10.3-2021.10.win32_1.0.0.202111181127/tools/bin/../lib/gcc/arm-none-eabi/10.3.1/../../../../arm-none-eabi/lib/thumb/v7e-m+fp/hard/crt0.o (__libc_init_array)
c:/st/stm32cubeide_1.9.0/stm32cubeide/plugins/com.st.stm32cube.ide.mcu.externaltools.gnu-tools-for-stm32.10.3-2021.10.win32_1.0.0.202111181127/tools/bin/../lib/gcc/arm-none-eabi/10.3.1/../../../../arm-none-eabi/lib/thumb/v7e-m+fp/hard\libc_nano.a(lib_a-memset.o)
                              c:/st/stm32cubeide_1.9.0/stm32cubeide/plugins/com.st.stm32cube.ide.mcu.externaltools.gnu-tools-for-stm32.10.3-2021.10.win32_1.0.0.202111181127/tools/bin/../lib/gcc/arm-none-eabi/10.3.1/../../../../arm-none-eabi/lib/thumb/v7e-m+fp/hard/crt0.o (memset)
c:/st/stm32cubeide_1.9.0/stm32cubeide/plugins/com.st.stm32cube.ide.mcu.externaltools.gnu-tools-for-stm32.10.3-2021.10.win32_1.0.0.202111181127/tools/bin/../lib/gcc/arm-none-eabi/10.3.1/../../../../arm-none-eabi/lib/thumb/v7e-m+fp/hard\libc_nano.a(lib_a-sprintf.o)
                              ./Mydriver/Src/MyLcd.o (sprintf)
c:/st/stm32cubeide_1.9.0/stm32cubeide/plugins/com.st.stm32cube.ide.mcu.externaltools.gnu-tools-for-stm32.10.3-2021.10.win32_1.0.0.202111181127/tools/bin/../lib/gcc/arm-none-eabi/10.3.1/../../../../arm-none-eabi/lib/thumb/v7e-m+fp/hard\libc_nano.a(lib_a-strlen.o)
                              ./Mydriver/Src/MyLcd.o (strlen)
c:/st/stm32cubeide_1.9.0/stm32cubeide/plugins/com.st.stm32cube.ide.mcu.externaltools.gnu-tools-for-stm32.10.3-2021.10.win32_1.0.0.202111181127/tools/bin/../lib/gcc/arm-none-eabi/10.3.1/../../../../arm-none-eabi/lib/thumb/v7e-m+fp/hard\libc_nano.a(lib_a-nano-svfprintf.o)
                              c:/st/stm32cubeide_1.9.0/stm32cubeide/plugins/com.st.stm32cube.ide.mcu.externaltools.gnu-tools-for-stm32.10.3-2021.10.win32_1.0.0.202111181127/tools/bin/../lib/gcc/arm-none-eabi/10.3.1/../../../../arm-none-eabi/lib/thumb/v7e-m+fp/hard\libc_nano.a(lib_a-sprintf.o) (_svfprintf_r)
c:/st/stm32cubeide_1.9.0/stm32cubeide/plugins/com.st.stm32cube.ide.mcu.externaltools.gnu-tools-for-stm32.10.3-2021.10.win32_1.0.0.202111181127/tools/bin/../lib/gcc/arm-none-eabi/10.3.1/../../../../arm-none-eabi/lib/thumb/v7e-m+fp/hard\libc_nano.a(lib_a-nano-vfprintf_i.o)
                              c:/st/stm32cubeide_1.9.0/stm32cubeide/plugins/com.st.stm32cube.ide.mcu.externaltools.gnu-tools-for-stm32.10.3-2021.10.win32_1.0.0.202111181127/tools/bin/../lib/gcc/arm-none-eabi/10.3.1/../../../../arm-none-eabi/lib/thumb/v7e-m+fp/hard\libc_nano.a(lib_a-nano-svfprintf.o) (_printf_i)
c:/st/stm32cubeide_1.9.0/stm32cubeide/plugins/com.st.stm32cube.ide.mcu.externaltools.gnu-tools-for-stm32.10.3-2021.10.win32_1.0.0.202111181127/tools/bin/../lib/gcc/arm-none-eabi/10.3.1/../../../../arm-none-eabi/lib/thumb/v7e-m+fp/hard\libc_nano.a(lib_a-memchr.o)
                              c:/st/stm32cubeide_1.9.0/stm32cubeide/plugins/com.st.stm32cube.ide.mcu.externaltools.gnu-tools-for-stm32.10.3-2021.10.win32_1.0.0.202111181127/tools/bin/../lib/gcc/arm-none-eabi/10.3.1/../../../../arm-none-eabi/lib/thumb/v7e-m+fp/hard\libc_nano.a(lib_a-nano-svfprintf.o) (memchr)
[...]
Memory Configuration

Name             Origin             Length             Attributes
RAM              0x0000000020000000 0x0000000000018000 xrw
RAM2             0x0000000010000000 0x0000000000008000 xrw
FLASH            0x0000000008000000 0x0000000000100000 xr
*default*        0x0000000000000000 0xffffffffffffffff

Linker script and memory map

LOAD c:/st/stm32cubeide_1.9.0/stm32cubeide/plugins/com.st.stm32cube.ide.mcu.externaltools.gnu-tools-for-stm32.10.3-2021.10.win32_1.0.0.202111181127/tools/bin/../lib/gcc/arm-none-eabi/10.3.1/thumb/v7e-m+fp/hard/crti.o
LOAD c:/st/stm32cubeide_1.9.0/stm32cubeide/plugins/com.st.stm32cube.ide.mcu.externaltools.gnu-tools-for-stm32.10.3-2021.10.win32_1.0.0.202111181127/tools/bin/../lib/gcc/arm-none-eabi/10.3.1/thumb/v7e-m+fp/hard/crtbegin.o
LOAD c:/st/stm32cubeide_1.9.0/stm32cubeide/plugins/com.st.stm32cube.ide.mcu.externaltools.gnu-tools-for-stm32.10.3-2021.10.win32_1.0.0.202111181127/tools/bin/../lib/gcc/arm-none-eabi/10.3.1/../../../../arm-none-eabi/lib/thumb/v7e-m+fp/hard/crt0.o
LOAD ./Core/Src/adc.o
LOAD ./Core/Src/dma.o
LOAD ./Core/Src/gpio.o
LOAD ./Core/Src/i2c.o
LOAD ./Core/Src/main.o
LOAD ./Core/Src/spi.o
LOAD ./Core/Src/stm32l4xx_hal_msp.o
LOAD ./Core/Src/stm32l4xx_it.o
LOAD ./Core/Src/syscalls.o
LOAD ./Core/Src/sysmem.o
LOAD ./Core/Src/system_stm32l4xx.o
LOAD ./Core/Src/tim.o
LOAD ./Core/Src/usart.o
LOAD ./Core/Startup/startup_stm32l476rgtx.o
LOAD ./Drivers/STM32L4xx_HAL_Driver/Src/stm32l4xx_hal.o
LOAD ./Drivers/STM32L4xx_HAL_Driver/Src/stm32l4xx_hal_adc.o
LOAD ./Drivers/STM32L4xx_HAL_Driver/Src/stm32l4xx_hal_adc_ex.o
LOAD ./Drivers/STM32L4xx_HAL_Driver/Src/stm32l4xx_hal_cortex.o
LOAD ./Drivers/STM32L4xx_HAL_Driver/Src/stm32l4xx_hal_dma.o
LOAD ./Drivers/STM32L4xx_HAL_Driver/Src/stm32l4xx_hal_dma_ex.o
LOAD ./Drivers/STM32L4xx_HAL_Driver/Src/stm32l4xx_hal_exti.o
LOAD ./Drivers/STM32L4xx_HAL_Driver/Src/stm32l4xx_hal_flash.o
LOAD ./Drivers/STM32L4xx_HAL_Driver/Src/stm32l4xx_hal_flash_ex.o
LOAD ./Drivers/STM32L4xx_HAL_Driver/Src/stm32l4xx_hal_flash_ramfunc.o
LOAD ./Drivers/STM32L4xx_HAL_Driver/Src/stm32l4xx_hal_gpio.o
LOAD ./Drivers/STM32L4xx_HAL_Driver/Src/stm32l4xx_hal_i2c.o
LOAD ./Drivers/STM32L4xx_HAL_Driver/Src/stm32l4xx_hal_i2c_ex.o
LOAD ./Drivers/STM32L4xx_HAL_Driver/Src/stm32l4xx_hal_pwr.o
LOAD ./Drivers/STM32L4xx_HAL_Driver/Src/stm32l4xx_hal_pwr_ex.o
LOAD ./Drivers/STM32L4xx_HAL_Driver/Src/stm32l4xx_hal_rcc.o
LOAD ./Drivers/STM32L4xx_HAL_Driver/Src/stm32l4xx_hal_rcc_ex.o
LOAD ./Drivers/STM32L4xx_HAL_Driver/Src/stm32l4xx_hal_spi.o
LOAD ./Drivers/STM32L4xx_HAL_Driver/Src/stm32l4xx_hal_spi_ex.o
LOAD ./Drivers/STM32L4xx_HAL_Driver/Src/stm32l4xx_hal_tim.o
LOAD ./Drivers/STM32L4xx_HAL_Driver/Src/stm32l4xx_hal_tim_ex.o
LOAD ./Drivers/STM32L4xx_HAL_Driver/Src/stm32l4xx_hal_uart.o
LOAD ./Drivers/STM32L4xx_HAL_Driver/Src/stm32l4xx_hal_uart_ex.o
LOAD ./Mydriver/Src/MPU6050.o
LOAD ./Mydriver/Src/MyAdc.o
LOAD ./Mydriver/Src/MyHcsr04.o
LOAD ./Mydriver/Src/MyLcd.o
START GROUP
LOAD c:/st/stm32cubeide_1.9.0/stm32cubeide/plugins/com.st.stm32cube.ide.mcu.externaltools.gnu-tools-for-stm32.10.3-2021.10.win32_1.0.0.202111181127/tools/bin/../lib/gcc/arm-none-eabi/10.3.1/../../../../arm-none-eabi/lib/thumb/v7e-m+fp/hard\libc_nano.a
LOAD c:/st/stm32cubeide_1.9.0/stm32cubeide/plugins/com.st.stm32cube.ide.mcu.externaltools.gnu-tools-for-stm32.10.3-2021.10.win32_1.0.0.202111181127/tools/bin/../lib/gcc/arm-none-eabi/10.3.1/../../../../arm-none-eabi/lib/thumb/v7e-m+fp/hard\libm.a
END GROUP
START GROUP
LOAD c:/st/stm32cubeide_1.9.0/stm32cubeide/plugins/com.st.stm32cube.ide.mcu.externaltools.gnu-tools-for-stm32.10.3-2021.10.win32_1.0.0.202111181127/tools/bin/../lib/gcc/arm-none-eabi/10.3.1/thumb/v7e-m+fp/hard\libgcc.a
LOAD c:/st/stm32cubeide_1.9.0/stm32cubeide/plugins/com.st.stm32cube.ide.mcu.externaltools.gnu-tools-for-stm32.10.3-2021.10.win32_1.0.0.202111181127/tools/bin/../lib/gcc/arm-none-eabi/10.3.1/../../../../arm-none-eabi/lib/thumb/v7e-m+fp/hard\libc_nano.a
END GROUP
START GROUP
LOAD c:/st/stm32cubeide_1.9.0/stm32cubeide/plugins/com.st.stm32cube.ide.mcu.externaltools.gnu-tools-for-stm32.10.3-2021.10.win32_1.0.0.202111181127/tools/bin/../lib/gcc/arm-none-eabi/10.3.1/thumb/v7e-m+fp/hard\libgcc.a
LOAD c:/st/stm32cubeide_1.9.0/stm32cubeide/plugins/com.st.stm32cube.ide.mcu.externaltools.gnu-tools-for-stm32.10.3-2021.10.win32_1.0.0.202111181127/tools/bin/../lib/gcc/arm-none-eabi/10.3.1/../../../../arm-none-eabi/lib/thumb/v7e-m+fp/hard\libc_nano.a
LOAD c:/st/stm32cubeide_1.9.0/stm32cubeide/plugins/com.st.stm32cube.ide.mcu.externaltools.gnu-tools-for-stm32.10.3-2021.10.win32_1.0.0.202111181127/tools/bin/../lib/gcc/arm-none-eabi/10.3.1/../../../../arm-none-eabi/lib/thumb/v7e-m+fp/hard\libnosys.a
END GROUP
START GROUP
LOAD c:/st/stm32cubeide_1.9.0/stm32cubeide/plugins/com.st.stm32cube.ide.mcu.externaltools.gnu-tools-for-stm32.10.3-2021.10.win32_1.0.0.202111181127/tools/bin/../lib/gcc/arm-none-eabi/10.3.1/thumb/v7e-m+fp/hard\libgcc.a
LOAD c:/st/stm32cubeide_1.9.0/stm32cubeide/plugins/com.st.stm32cube.ide.mcu.externaltools.gnu-tools-for-stm32.10.3-2021.10.win32_1.0.0.202111181127/tools/bin/../lib/gcc/arm-none-eabi/10.3.1/../../../../arm-none-eabi/lib/thumb/v7e-m+fp/hard\libc_nano.a
LOAD c:/st/stm32cubeide_1.9.0/stm32cubeide/plugins/com.st.stm32cube.ide.mcu.externaltools.gnu-tools-for-stm32.10.3-2021.10.win32_1.0.0.202111181127/tools/bin/../lib/gcc/arm-none-eabi/10.3.1/../../../../arm-none-eabi/lib/thumb/v7e-m+fp/hard\libnosys.a
END GROUP
LOAD c:/st/stm32cubeide_1.9.0/stm32cubeide/plugins/com.st.stm32cube.ide.mcu.externaltools.gnu-tools-for-stm32.10.3-2021.10.win32_1.0.0.202111181127/tools/bin/../lib/gcc/arm-none-eabi/10.3.1/thumb/v7e-m+fp/hard/crtend.o
LOAD c:/st/stm32cubeide_1.9.0/stm32cubeide/plugins/com.st.stm32cube.ide.mcu.externaltools.gnu-tools-for-stm32.10.3-2021.10.win32_1.0.0.202111181127/tools/bin/../lib/gcc/arm-none-eabi/10.3.1/thumb/v7e-m+fp/hard/crtn.o
                0x0000000020018000                _estack = (ORIGIN (RAM) + LENGTH (RAM))
                0x0000000000000200                _Min_Heap_Size = 0x200
                0x0000000000000400                _Min_Stack_Size = 0x400

.isr_vector     0x0000000008000000      0x188
                0x0000000008000000                . = ALIGN (0x4)
 *(.isr_vector)
 .isr_vector    0x0000000008000000      0x188 ./Core/Startup/startup_stm32l476rgtx.o
                0x0000000008000000                g_pfnVectors
                0x0000000008000188                . = ALIGN (0x4)

.text           0x0000000008000188     0x6c44
                0x0000000008000188                . = ALIGN (0x4)
 *(.text)
 .text          0x0000000008000188       0x40 c:/st/stm32cubeide_1.9.0/stm32cubeide/plugins/com.st.stm32cube.ide.mcu.externaltools.gnu-tools-for-stm32.10.3-2021.10.win32_1.0.0.202111181127/tools/bin/../lib/gcc/arm-none-eabi/10.3.1/thumb/v7e-m+fp/hard/crtbegin.o
 .text          0x00000000080001c8      0x378 c:/st/stm32cubeide_1.9.0/stm32cubeide/plugins/com.st.stm32cube.ide.mcu.externaltools.gnu-tools-for-stm32.10.3-2021.10.win32_1.0.0.202111181127/tools/bin/../lib/gcc/arm-none-eabi/10.3.1/thumb/v7e-m+fp/hard\libgcc.a(_arm_addsubdf3.o)
                0x00000000080001c8                __aeabi_drsub
                0x00000000080001d0                __aeabi_dsub
                0x00000000080001d0                __subdf3
                0x00000000080001d4                __aeabi_dadd
                0x00000000080001d4                __adddf3
                0x000000000800044c                __floatunsidf
                0x000000000800044c                __aeabi_ui2d
                0x000000000800046c                __floatsidf
                0x000000000800046c                __aeabi_i2d
                0x0000000008000490                __aeabi_f2d
                0x0000000008000490                __extendsfdf2
                0x00000000080004d4                __floatundidf
                0x00000000080004d4                __aeabi_ul2d
                0x00000000080004e4                __floatdidf
                0x00000000080004e4                __aeabi_l2d
 .text          0x0000000008000540      0x424 c:/st/stm32cubeide_1.9.0/stm32cubeide/plugins/com.st.stm32cube.ide.mcu.externaltools.gnu-tools-for-stm32.10.3-2021.10.win32_1.0.0.202111181127/tools/bin/../lib/gcc/arm-none-eabi/10.3.1/thumb/v7e-m+fp/hard\libgcc.a(_arm_muldivdf3.o)
                0x0000000008000540                __aeabi_dmul
                0x0000000008000540                __muldf3
                0x0000000008000794                __divdf3
                0x0000000008000794                __aeabi_ddiv
 .text          0x0000000008000964       0x40 c:/st/stm32cubeide_1.9.0/stm32cubeide/plugins/com.st.stm32cube.ide.mcu.externaltools.gnu-tools-for-stm32.10.3-2021.10.win32_1.0.0.202111181127/tools/bin/../lib/gcc/arm-none-eabi/10.3.1/thumb/v7e-m+fp/hard\libgcc.a(_arm_fixunsdfsi.o)
                0x0000000008000964                __aeabi_d2uiz
                0x0000000008000964                __fixunsdfsi
 .text          0x00000000080009a4       0x30 c:/st/stm32cubeide_1.9.0/stm32cubeide/plugins/com.st.stm32cube.ide.mcu.externaltools.gnu-tools-for-stm32.10.3-2021.10.win32_1.0.0.202111181127/tools/bin/../lib/gcc/arm-none-eabi/10.3.1/thumb/v7e-m+fp/hard\libgcc.a(_aeabi_uldivmod.o)
                0x00000000080009a4                __aeabi_uldivmod
 .text          0x00000000080009d4      0x2d0 c:/st/stm32cubeide_1.9.0/stm32cubeide/plugins/com.st.stm32cube.ide.mcu.externaltools.gnu-tools-for-stm32.10.3-2021.10.win32_1.0.0.202111181127/tools/bin/../lib/gcc/arm-none-eabi/10.3.1/thumb/v7e-m+fp/hard\libgcc.a(_udivmoddi4.o)
                0x00000000080009d4                __udivmoddi4
 .text          0x0000000008000ca4        0x4 c:/st/stm32cubeide_1.9.0/stm32cubeide/plugins/com.st.stm32cube.ide.mcu.externaltools.gnu-tools-for-stm32.10.3-2021.10.win32_1.0.0.202111181127/tools/bin/../lib/gcc/arm-none-eabi/10.3.1/thumb/v7e-m+fp/hard\libgcc.a(_dvmd_tls.o)
                0x0000000008000ca4                __aeabi_idiv0
                0x0000000008000ca4                __aeabi_ldiv0
 *(.text*)
 .text.MX_DMA_Init
                0x0000000008000ca8       0x3c ./Core/Src/dma.o
                0x0000000008000ca8                MX_DMA_Init
 .text.MX_GPIO_Init
                0x0000000008000ce4      0x124 ./Core/Src/gpio.o
                0x0000000008000ce4                MX_GPIO_Init
 .text.MX_I2C1_Init
                0x0000000008000e08       0x80 ./Core/Src/i2c.o
                0x0000000008000e08                MX_I2C1_Init
 .text.HAL_I2C_MspInit
                0x0000000008000e88       0xbc ./Core/Src/i2c.o
                0x0000000008000e88                HAL_I2C_MspInit
 .text.main     0x0000000008000f44      0x16e ./Core/Src/main.o
                0x0000000008000f44                main
 .text.SystemClock_Config
                0x00000000080010b2       0xa2 ./Core/Src/main.o
                0x00000000080010b2                SystemClock_Config
 .text.Error_Handler
                0x0000000008001154        0xa ./Core/Src/main.o
                0x0000000008001154                Error_Handler
 *fill*         0x000000000800115e        0x2 
 .text.MX_SPI2_Init
                0x0000000008001160       0x7c ./Core/Src/spi.o
                0x0000000008001160                MX_SPI2_Init
 .text.HAL_SPI_MspInit
                0x00000000080011dc       0xc4 ./Core/Src/spi.o
                0x00000000080011dc                HAL_SPI_MspInit
 .text.HAL_MspInit
                0x00000000080012a0       0x48 ./Core/Src/stm32l4xx_hal_msp.o
                0x00000000080012a0                HAL_MspInit
 .text.NMI_Handler
                0x00000000080012e8        0x6 ./Core/Src/stm32l4xx_it.o
                0x00000000080012e8                NMI_Handler
 .text.HardFault_Handler
                0x00000000080012ee        0x6 ./Core/Src/stm32l4xx_it.o
                0x00000000080012ee                HardFault_Handler
 .text.MemManage_Handler
                0x00000000080012f4        0x6 ./Core/Src/stm32l4xx_it.o
                0x00000000080012f4                MemManage_Handler
 .text.BusFault_Handler
                0x00000000080012fa        0x6 ./Core/Src/stm32l4xx_it.o
                0x00000000080012fa                BusFault_Handler
 .text.UsageFault_Handler
                0x0000000008001300        0x6 ./Core/Src/stm32l4xx_it.o
                0x0000000008001300                UsageFault_Handler
 .text.SVC_Handler
                0x0000000008001306        0xe ./Core/Src/stm32l4xx_it.o
                0x0000000008001306                SVC_Handler
 .text.DebugMon_Handler
                0x0000000008001314        0xe ./Core/Src/stm32l4xx_it.o
                0x0000000008001314                DebugMon_Handler
 .text.PendSV_Handler
                0x0000000008001322        0xe ./Core/Src/stm32l4xx_it.o
                0x0000000008001322                PendSV_Handler
 .text.SysTick_Handler
                0x0000000008001330        0xc ./Core/Src/stm32l4xx_it.o
                0x0000000008001330                SysTick_Handler
 .text.DMA1_Channel1_IRQHandler
                0x000000000800133c       0x14 ./Core/Src/stm32l4xx_it.o
                0x000000000800133c                DMA1_Channel1_IRQHandler
 .text.TIM1_CC_IRQHandler
                0x0000000008001350       0x14 ./Core/Src/stm32l4xx_it.o
                0x0000000008001350                TIM1_CC_IRQHandler
 .text.SystemInit
                0x0000000008001364       0x24 ./Core/Src/system_stm32l4xx.o
                0x0000000008001364                SystemInit
 .text.MX_TIM1_Init
                0x0000000008001388       0xb4 ./Core/Src/tim.o
                0x0000000008001388                MX_TIM1_Init
 .text.MX_TIM2_Init
                0x000000000800143c       0xec ./Core/Src/tim.o
                0x000000000800143c                MX_TIM2_Init
 .text.HAL_TIM_IC_MspInit
                0x0000000008001528       0x98 ./Core/Src/tim.o
                0x0000000008001528                HAL_TIM_IC_MspInit
 .text.HAL_TIM_Base_MspInit
                0x00000000080015c0       0x3c ./Core/Src/tim.o
                0x00000000080015c0                HAL_TIM_Base_MspInit
 .text.HAL_TIM_MspPostInit
                0x00000000080015fc       0x68 ./Core/Src/tim.o
                0x00000000080015fc                HAL_TIM_MspPostInit
 .text.MX_USART2_UART_Init
                0x0000000008001664       0x60 ./Core/Src/usart.o
                0x0000000008001664                MX_USART2_UART_Init
 .text.HAL_UART_MspInit
                0x00000000080016c4       0xb8 ./Core/Src/usart.o
                0x00000000080016c4                HAL_UART_MspInit
 .text.Reset_Handler
                0x000000000800177c       0x50 ./Core/Startup/startup_stm32l476rgtx.o
                0x000000000800177c                Reset_Handler
 .text.Default_Handler
                0x00000000080017cc        0x2 ./Core/Startup/startup_stm32l476rgtx.o
                0x00000000080017cc                RTC_Alarm_IRQHandler
                0x00000000080017cc                EXTI2_IRQHandler
                0x00000000080017cc                TIM8_TRG_COM_IRQHandler
                0x00000000080017cc                TIM8_CC_IRQHandler
                0x00000000080017cc                TSC_IRQHandler
                0x00000000080017cc                TAMP_STAMP_IRQHandler
                0x00000000080017cc                EXTI3_IRQHandler
                0x00000000080017cc                LPTIM2_IRQHandler
                0x00000000080017cc                DFSDM1_FLT1_IRQHandler
                0x00000000080017cc                I2C3_ER_IRQHandler
                0x00000000080017cc                DFSDM1_FLT2_IRQHandler
                0x00000000080017cc                EXTI0_IRQHandler
                0x00000000080017cc                I2C2_EV_IRQHandler
                0x00000000080017cc                CAN1_RX0_IRQHandler
                0x00000000080017cc                FPU_IRQHandler
                0x00000000080017cc                TIM1_UP_TIM16_IRQHandler
                0x00000000080017cc                ADC1_2_IRQHandler
                0x00000000080017cc                SPI1_IRQHandler
                0x00000000080017cc                TIM6_DAC_IRQHandler
                0x00000000080017cc                TIM8_UP_IRQHandler
                0x00000000080017cc                DMA2_Channel2_IRQHandler
                0x00000000080017cc                DMA1_Channel4_IRQHandler
                0x00000000080017cc                SAI2_IRQHandler
                0x00000000080017cc                DFSDM1_FLT3_IRQHandler
                0x00000000080017cc                USART3_IRQHandler
                0x00000000080017cc                DMA1_Channel7_IRQHandler
                0x00000000080017cc                CAN1_RX1_IRQHandler
                0x00000000080017cc                LCD_IRQHandler
                0x00000000080017cc                UART5_IRQHandler
                0x00000000080017cc                ADC3_IRQHandler
                0x00000000080017cc                TIM4_IRQHandler
                0x00000000080017cc                DMA2_Channel1_IRQHandler
                0x00000000080017cc                QUADSPI_IRQHandler
                0x00000000080017cc                I2C1_EV_IRQHandler
                0x00000000080017cc                DMA1_Channel6_IRQHandler
                0x00000000080017cc                UART4_IRQHandler
                0x00000000080017cc                DMA2_Channel4_IRQHandler
                0x00000000080017cc                TIM3_IRQHandler
                0x00000000080017cc                RCC_IRQHandler
                0x00000000080017cc                Default_Handler
                0x00000000080017cc                DMA2_Channel7_IRQHandler
                0x00000000080017cc                EXTI15_10_IRQHandler
                0x00000000080017cc                TIM7_IRQHandler
                0x00000000080017cc                SDMMC1_IRQHandler
                0x00000000080017cc                TIM5_IRQHandler
                0x00000000080017cc                I2C3_EV_IRQHandler
                0x00000000080017cc                EXTI9_5_IRQHandler
                0x00000000080017cc                RTC_WKUP_IRQHandler
                0x00000000080017cc                PVD_PVM_IRQHandler
                0x00000000080017cc                SPI2_IRQHandler
                0x00000000080017cc                CAN1_TX_IRQHandler
                0x00000000080017cc                DMA2_Channel5_IRQHandler
                0x00000000080017cc                DMA1_Channel5_IRQHandler
                0x00000000080017cc                EXTI4_IRQHandler
                0x00000000080017cc                RNG_IRQHandler
                0x00000000080017cc                TIM1_TRG_COM_TIM17_IRQHandler
                0x00000000080017cc                DMA1_Channel3_IRQHandler
                0x00000000080017cc                COMP_IRQHandler
                0x00000000080017cc                WWDG_IRQHandler
                0x00000000080017cc                LPUART1_IRQHandler
                0x00000000080017cc                DMA2_Channel6_IRQHandler
                0x00000000080017cc                TIM2_IRQHandler
                0x00000000080017cc                EXTI1_IRQHandler
                0x00000000080017cc                USART2_IRQHandler
                0x00000000080017cc                DFSDM1_FLT0_IRQHandler
                0x00000000080017cc                I2C2_ER_IRQHandler
                0x00000000080017cc                DMA1_Channel2_IRQHandler
                0x00000000080017cc                TIM8_BRK_IRQHandler
                0x00000000080017cc                CAN1_SCE_IRQHandler
                0x00000000080017cc                FLASH_IRQHandler
                0x00000000080017cc                USART1_IRQHandler
                0x00000000080017cc                OTG_FS_IRQHandler
                0x00000000080017cc                SPI3_IRQHandler
                0x00000000080017cc                I2C1_ER_IRQHandler
                0x00000000080017cc                FMC_IRQHandler
                0x00000000080017cc                SWPMI1_IRQHandler
                0x00000000080017cc                LPTIM1_IRQHandler
                0x00000000080017cc                SAI1_IRQHandler
                0x00000000080017cc                DMA2_Channel3_IRQHandler
                0x00000000080017cc                TIM1_BRK_TIM15_IRQHandler
 *fill*         0x00000000080017ce        0x2 
 .text.HAL_Init
                0x00000000080017d0       0x40 ./Drivers/STM32L4xx_HAL_Driver/Src/stm32l4xx_hal.o
                0x00000000080017d0                HAL_Init
 .text.HAL_InitTick
                0x0000000008001810       0x78 ./Drivers/STM32L4xx_HAL_Driver/Src/stm32l4xx_hal.o
                0x0000000008001810                HAL_InitTick
 .text.HAL_IncTick
                0x0000000008001888       0x28 ./Drivers/STM32L4xx_HAL_Driver/Src/stm32l4xx_hal.o
                0x0000000008001888                HAL_IncTick
 .text.HAL_GetTick
                0x00000000080018b0       0x18 ./Drivers/STM32L4xx_HAL_Driver/Src/stm32l4xx_hal.o
                0x00000000080018b0                HAL_GetTick
 .text.HAL_Delay
                0x00000000080018c8       0x48 ./Drivers/STM32L4xx_HAL_Driver/Src/stm32l4xx_hal.o
                0x00000000080018c8                HAL_Delay
 .text.__NVIC_SetPriorityGrouping
                0x0000000008001910       0x48 ./Drivers/STM32L4xx_HAL_Driver/Src/stm32l4xx_hal_cortex.o
 .text.__NVIC_GetPriorityGrouping
                0x0000000008001958       0x1c ./Drivers/STM32L4xx_HAL_Driver/Src/stm32l4xx_hal_cortex.o
 .text.__NVIC_EnableIRQ
                0x0000000008001974       0x3c ./Drivers/STM32L4xx_HAL_Driver/Src/stm32l4xx_hal_cortex.o
 .text.__NVIC_SetPriority
                0x00000000080019b0       0x54 ./Drivers/STM32L4xx_HAL_Driver/Src/stm32l4xx_hal_cortex.o
 .text.NVIC_EncodePriority
                0x0000000008001a04       0x66 ./Drivers/STM32L4xx_HAL_Driver/Src/stm32l4xx_hal_cortex.o
 *fill*         0x0000000008001a6a        0x2 
 .text.SysTick_Config
                0x0000000008001a6c       0x44 ./Drivers/STM32L4xx_HAL_Driver/Src/stm32l4xx_hal_cortex.o
 .text.HAL_NVIC_SetPriorityGrouping
                0x0000000008001ab0       0x16 ./Drivers/STM32L4xx_HAL_Driver/Src/stm32l4xx_hal_cortex.o
                0x0000000008001ab0                HAL_NVIC_SetPriorityGrouping
 .text.HAL_NVIC_SetPriority
                0x0000000008001ac6       0x38 ./Drivers/STM32L4xx_HAL_Driver/Src/stm32l4xx_hal_cortex.o
                0x0000000008001ac6                HAL_NVIC_SetPriority
 .text.HAL_NVIC_EnableIRQ
                0x0000000008001afe       0x1c ./Drivers/STM32L4xx_HAL_Driver/Src/stm32l4xx_hal_cortex.o
                0x0000000008001afe                HAL_NVIC_EnableIRQ
 .text.HAL_SYSTICK_Config
                0x0000000008001b1a       0x18 ./Drivers/STM32L4xx_HAL_Driver/Src/stm32l4xx_hal_cortex.o
                0x0000000008001b1a                HAL_SYSTICK_Config
 .text.HAL_DMA_IRQHandler
                0x0000000008001b32      0x15e ./Drivers/STM32L4xx_HAL_Driver/Src/stm32l4xx_hal_dma.o
                0x0000000008001b32                HAL_DMA_IRQHandler
 .text.HAL_GPIO_Init
                0x0000000008001c90      0x354 ./Drivers/STM32L4xx_HAL_Driver/Src/stm32l4xx_hal_gpio.o
                0x0000000008001c90                HAL_GPIO_Init
 .text.HAL_GPIO_WritePin
                0x0000000008001fe4       0x30 ./Drivers/STM32L4xx_HAL_Driver/Src/stm32l4xx_hal_gpio.o
                0x0000000008001fe4                HAL_GPIO_WritePin
 .text.HAL_GPIO_TogglePin
                0x0000000008002014       0x34 ./Drivers/STM32L4xx_HAL_Driver/Src/stm32l4xx_hal_gpio.o
                0x0000000008002014                HAL_GPIO_TogglePin
 .text.HAL_I2C_Init
                0x0000000008002048      0x11e ./Drivers/STM32L4xx_HAL_Driver/Src/stm32l4xx_hal_i2c.o
                0x0000000008002048                HAL_I2C_Init
 *fill*         0x0000000008002166        0x2 
 .text.HAL_I2C_Mem_Write
                0x0000000008002168      0x228 ./Drivers/STM32L4xx_HAL_Driver/Src/stm32l4xx_hal_i2c.o
                0x0000000008002168                HAL_I2C_Mem_Write
 .text.HAL_I2C_Mem_Read
                0x0000000008002390      0x234 ./Drivers/STM32L4xx_HAL_Driver/Src/stm32l4xx_hal_i2c.o
                0x0000000008002390                HAL_I2C_Mem_Read
 .text.HAL_I2C_IsDeviceReady
                0x00000000080025c4      0x20e ./Drivers/STM32L4xx_HAL_Driver/Src/stm32l4xx_hal_i2c.o
                0x00000000080025c4                HAL_I2C_IsDeviceReady
 *fill*         0x00000000080027d2        0x2 
 .text.I2C_RequestMemoryWrite
                0x00000000080027d4       0xa8 ./Drivers/STM32L4xx_HAL_Driver/Src/stm32l4xx_hal_i2c.o
 .text.I2C_RequestMemoryRead
                0x000000000800287c       0xa8 ./Drivers/STM32L4xx_HAL_Driver/Src/stm32l4xx_hal_i2c.o
 .text.I2C_Flush_TXDR
                0x0000000008002924       0x48 ./Drivers/STM32L4xx_HAL_Driver/Src/stm32l4xx_hal_i2c.o
 .text.I2C_WaitOnFlagUntilTimeout
                0x000000000800296c       0x80 ./Drivers/STM32L4xx_HAL_Driver/Src/stm32l4xx_hal_i2c.o
 .text.I2C_WaitOnTXISFlagUntilTimeout
                0x00000000080029ec       0x80 ./Drivers/STM32L4xx_HAL_Driver/Src/stm32l4xx_hal_i2c.o
 .text.I2C_WaitOnSTOPFlagUntilTimeout
                0x0000000008002a6c       0x78 ./Drivers/STM32L4xx_HAL_Driver/Src/stm32l4xx_hal_i2c.o
 .text.I2C_IsErrorOccurred
                0x0000000008002ae4      0x1d8 ./Drivers/STM32L4xx_HAL_Driver/Src/stm32l4xx_hal_i2c.o
 .text.I2C_TransferConfig
                0x0000000008002cbc       0x64 ./Drivers/STM32L4xx_HAL_Driver/Src/stm32l4xx_hal_i2c.o
 .text.HAL_I2CEx_ConfigAnalogFilter
                0x0000000008002d20       0x96 ./Drivers/STM32L4xx_HAL_Driver/Src/stm32l4xx_hal_i2c_ex.o
                0x0000000008002d20                HAL_I2CEx_ConfigAnalogFilter
 .text.HAL_I2CEx_ConfigDigitalFilter
                0x0000000008002db6       0x98 ./Drivers/STM32L4xx_HAL_Driver/Src/stm32l4xx_hal_i2c_ex.o
                0x0000000008002db6                HAL_I2CEx_ConfigDigitalFilter
 *fill*         0x0000000008002e4e        0x2 
 .text.HAL_PWREx_GetVoltageRange
                0x0000000008002e50       0x1c ./Drivers/STM32L4xx_HAL_Driver/Src/stm32l4xx_hal_pwr_ex.o
                0x0000000008002e50                HAL_PWREx_GetVoltageRange
 .text.HAL_PWREx_ControlVoltageScaling
                0x0000000008002e6c       0xac ./Drivers/STM32L4xx_HAL_Driver/Src/stm32l4xx_hal_pwr_ex.o
                0x0000000008002e6c                HAL_PWREx_ControlVoltageScaling
 .text.HAL_RCC_OscConfig
                0x0000000008002f18      0x7b8 ./Drivers/STM32L4xx_HAL_Driver/Src/stm32l4xx_hal_rcc.o
                0x0000000008002f18                HAL_RCC_OscConfig
 .text.HAL_RCC_ClockConfig
                0x00000000080036d0      0x200 ./Drivers/STM32L4xx_HAL_Driver/Src/stm32l4xx_hal_rcc.o
                0x00000000080036d0                HAL_RCC_ClockConfig
 .text.HAL_RCC_GetSysClockFreq
                0x00000000080038d0      0x118 ./Drivers/STM32L4xx_HAL_Driver/Src/stm32l4xx_hal_rcc.o
                0x00000000080038d0                HAL_RCC_GetSysClockFreq
 .text.HAL_RCC_GetHCLKFreq
                0x00000000080039e8       0x18 ./Drivers/STM32L4xx_HAL_Driver/Src/stm32l4xx_hal_rcc.o
                0x00000000080039e8                HAL_RCC_GetHCLKFreq
 .text.HAL_RCC_GetPCLK1Freq
                0x0000000008003a00       0x2c ./Drivers/STM32L4xx_HAL_Driver/Src/stm32l4xx_hal_rcc.o
                0x0000000008003a00                HAL_RCC_GetPCLK1Freq
 .text.HAL_RCC_GetPCLK2Freq
                0x0000000008003a2c       0x2c ./Drivers/STM32L4xx_HAL_Driver/Src/stm32l4xx_hal_rcc.o
                0x0000000008003a2c                HAL_RCC_GetPCLK2Freq
 .text.RCC_SetFlashLatencyFromMSIRange
                0x0000000008003a58       0xc0 ./Drivers/STM32L4xx_HAL_Driver/Src/stm32l4xx_hal_rcc.o
 .text.HAL_RCCEx_PeriphCLKConfig
                0x0000000008003b18      0x5d4 ./Drivers/STM32L4xx_HAL_Driver/Src/stm32l4xx_hal_rcc_ex.o
                0x0000000008003b18                HAL_RCCEx_PeriphCLKConfig
 .text.RCCEx_PLLSAI1_Config
                0x00000000080040ec      0x1e8 ./Drivers/STM32L4xx_HAL_Driver/Src/stm32l4xx_hal_rcc_ex.o
 .text.RCCEx_PLLSAI2_Config
                0x00000000080042d4      0x1bc ./Drivers/STM32L4xx_HAL_Driver/Src/stm32l4xx_hal_rcc_ex.o
 .text.HAL_SPI_Init
                0x0000000008004490      0x146 ./Drivers/STM32L4xx_HAL_Driver/Src/stm32l4xx_hal_spi.o
                0x0000000008004490                HAL_SPI_Init
 .text.HAL_TIM_Base_Init
                0x00000000080045d6       0xae ./Drivers/STM32L4xx_HAL_Driver/Src/stm32l4xx_hal_tim.o
                0x00000000080045d6                HAL_TIM_Base_Init
 .text.HAL_TIM_PWM_Init
                0x0000000008004684       0xae ./Drivers/STM32L4xx_HAL_Driver/Src/stm32l4xx_hal_tim.o
                0x0000000008004684                HAL_TIM_PWM_Init
 .text.HAL_TIM_PWM_MspInit
                0x0000000008004732       0x14 ./Drivers/STM32L4xx_HAL_Driver/Src/stm32l4xx_hal_tim.o
                0x0000000008004732                HAL_TIM_PWM_MspInit
 .text.HAL_TIM_IC_Init
                0x0000000008004746       0xae ./Drivers/STM32L4xx_HAL_Driver/Src/stm32l4xx_hal_tim.o
                0x0000000008004746                HAL_TIM_IC_Init
 .text.HAL_TIM_IRQHandler
                0x00000000080047f4      0x23e ./Drivers/STM32L4xx_HAL_Driver/Src/stm32l4xx_hal_tim.o
                0x00000000080047f4                HAL_TIM_IRQHandler
 .text.HAL_TIM_IC_ConfigChannel
                0x0000000008004a32      0x138 ./Drivers/STM32L4xx_HAL_Driver/Src/stm32l4xx_hal_tim.o
                0x0000000008004a32                HAL_TIM_IC_ConfigChannel
 *fill*         0x0000000008004b6a        0x2 
 .text.HAL_TIM_PWM_ConfigChannel
                0x0000000008004b6c      0x228 ./Drivers/STM32L4xx_HAL_Driver/Src/stm32l4xx_hal_tim.o
                0x0000000008004b6c                HAL_TIM_PWM_ConfigChannel
 .text.HAL_TIM_ConfigClockSource
                0x0000000008004d94      0x192 ./Drivers/STM32L4xx_HAL_Driver/Src/stm32l4xx_hal_tim.o
                0x0000000008004d94                HAL_TIM_ConfigClockSource
 *fill*         0x0000000008004f26        0x2 
 .text.HAL_TIM_ReadCapturedValue
                0x0000000008004f28       0x88 ./Drivers/STM32L4xx_HAL_Driver/Src/stm32l4xx_hal_tim.o
                0x0000000008004f28                HAL_TIM_ReadCapturedValue
 .text.HAL_TIM_PeriodElapsedCallback
                0x0000000008004fb0       0x14 ./Drivers/STM32L4xx_HAL_Driver/Src/stm32l4xx_hal_tim.o
                0x0000000008004fb0                HAL_TIM_PeriodElapsedCallback
 .text.HAL_TIM_OC_DelayElapsedCallback
                0x0000000008004fc4       0x14 ./Drivers/STM32L4xx_HAL_Driver/Src/stm32l4xx_hal_tim.o
                0x0000000008004fc4                HAL_TIM_OC_DelayElapsedCallback
 .text.HAL_TIM_PWM_PulseFinishedCallback
                0x0000000008004fd8       0x14 ./Drivers/STM32L4xx_HAL_Driver/Src/stm32l4xx_hal_tim.o
                0x0000000008004fd8                HAL_TIM_PWM_PulseFinishedCallback
 .text.HAL_TIM_TriggerCallback
                0x0000000008004fec       0x14 ./Drivers/STM32L4xx_HAL_Driver/Src/stm32l4xx_hal_tim.o
                0x0000000008004fec                HAL_TIM_TriggerCallback
 .text.TIM_Base_SetConfig
                0x0000000008005000      0x134 ./Drivers/STM32L4xx_HAL_Driver/Src/stm32l4xx_hal_tim.o
                0x0000000008005000                TIM_Base_SetConfig
 .text.TIM_OC1_SetConfig
                0x0000000008005134      0x120 ./Drivers/STM32L4xx_HAL_Driver/Src/stm32l4xx_hal_tim.o
 .text.TIM_OC2_SetConfig
                0x0000000008005254      0x114 ./Drivers/STM32L4xx_HAL_Driver/Src/stm32l4xx_hal_tim.o
                0x0000000008005254                TIM_OC2_SetConfig
 .text.TIM_OC3_SetConfig
                0x0000000008005368      0x110 ./Drivers/STM32L4xx_HAL_Driver/Src/stm32l4xx_hal_tim.o
 .text.TIM_OC4_SetConfig
                0x0000000008005478       0xd4 ./Drivers/STM32L4xx_HAL_Driver/Src/stm32l4xx_hal_tim.o
 .text.TIM_OC5_SetConfig
                0x000000000800554c       0xc8 ./Drivers/STM32L4xx_HAL_Driver/Src/stm32l4xx_hal_tim.o
 .text.TIM_OC6_SetConfig
                0x0000000008005614       0xcc ./Drivers/STM32L4xx_HAL_Driver/Src/stm32l4xx_hal_tim.o
 .text.TIM_TI1_SetConfig
                0x00000000080056e0       0xdc ./Drivers/STM32L4xx_HAL_Driver/Src/stm32l4xx_hal_tim.o
                0x00000000080056e0                TIM_TI1_SetConfig
 .text.TIM_TI1_ConfigInputStage
                0x00000000080057bc       0x5e ./Drivers/STM32L4xx_HAL_Driver/Src/stm32l4xx_hal_tim.o
 .text.TIM_TI2_SetConfig
                0x000000000800581a       0x7a ./Drivers/STM32L4xx_HAL_Driver/Src/stm32l4xx_hal_tim.o
 .text.TIM_TI2_ConfigInputStage
                0x0000000008005894       0x60 ./Drivers/STM32L4xx_HAL_Driver/Src/stm32l4xx_hal_tim.o
 .text.TIM_TI3_SetConfig
                0x00000000080058f4       0x78 ./Drivers/STM32L4xx_HAL_Driver/Src/stm32l4xx_hal_tim.o
 .text.TIM_TI4_SetConfig
                0x000000000800596c       0x7a ./Drivers/STM32L4xx_HAL_Driver/Src/stm32l4xx_hal_tim.o
 .text.TIM_ITRx_SetConfig
                0x00000000080059e6       0x36 ./Drivers/STM32L4xx_HAL_Driver/Src/stm32l4xx_hal_tim.o
 .text.TIM_ETR_SetConfig
                0x0000000008005a1c       0x40 ./Drivers/STM32L4xx_HAL_Driver/Src/stm32l4xx_hal_tim.o
                0x0000000008005a1c                TIM_ETR_SetConfig
 .text.HAL_TIMEx_MasterConfigSynchronization
                0x0000000008005a5c      0x110 ./Drivers/STM32L4xx_HAL_Driver/Src/stm32l4xx_hal_tim_ex.o
                0x0000000008005a5c                HAL_TIMEx_MasterConfigSynchronization
 .text.HAL_TIMEx_CommutCallback
                0x0000000008005b6c       0x14 ./Drivers/STM32L4xx_HAL_Driver/Src/stm32l4xx_hal_tim_ex.o
                0x0000000008005b6c                HAL_TIMEx_CommutCallback
 .text.HAL_TIMEx_BreakCallback
                0x0000000008005b80       0x14 ./Drivers/STM32L4xx_HAL_Driver/Src/stm32l4xx_hal_tim_ex.o
                0x0000000008005b80                HAL_TIMEx_BreakCallback
 .text.HAL_TIMEx_Break2Callback
                0x0000000008005b94       0x14 ./Drivers/STM32L4xx_HAL_Driver/Src/stm32l4xx_hal_tim_ex.o
                0x0000000008005b94                HAL_TIMEx_Break2Callback
 .text.HAL_UART_Init
                0x0000000008005ba8       0x9c ./Drivers/STM32L4xx_HAL_Driver/Src/stm32l4xx_hal_uart.o
                0x0000000008005ba8                HAL_UART_Init
 .text.UART_SetConfig
                0x0000000008005c44      0x570 ./Drivers/STM32L4xx_HAL_Driver/Src/stm32l4xx_hal_uart.o
                0x0000000008005c44                UART_SetConfig
 .text.UART_AdvFeatureConfig
                0x00000000080061b4      0x144 ./Drivers/STM32L4xx_HAL_Driver/Src/stm32l4xx_hal_uart.o
                0x00000000080061b4                UART_AdvFeatureConfig
 .text.UART_CheckIdleState
                0x00000000080062f8       0x92 ./Drivers/STM32L4xx_HAL_Driver/Src/stm32l4xx_hal_uart.o
                0x00000000080062f8                UART_CheckIdleState
 .text.UART_WaitOnFlagUntilTimeout
                0x000000000800638a      0x188 ./Drivers/STM32L4xx_HAL_Driver/Src/stm32l4xx_hal_uart.o
                0x000000000800638a                UART_WaitOnFlagUntilTimeout
 *fill*         0x0000000008006512        0x2 
 .text.MPU6050_Write_Reg
                0x0000000008006514       0x4c ./Mydriver/Src/MPU6050.o
 .text.MPU6050_Read_Reg
                0x0000000008006560       0x4c ./Mydriver/Src/MPU6050.o
 .text.MPU6050_Read_Raw_Value
                0x00000000080065ac       0xbc ./Mydriver/Src/MPU6050.o
 .text.MPU6050_Begin
                0x0000000008006668      0x108 ./Mydriver/Src/MPU6050.o
                0x0000000008006668                MPU6050_Begin
 .text.MPU6050_Calibration
                0x0000000008006770      0x186 ./Mydriver/Src/MPU6050.o
                0x0000000008006770                MPU6050_Calibration
 *fill*         0x00000000080068f6        0x2 
 .text.MPU6050_Read_Temp_Value
                0x00000000080068f8       0x74 ./Mydriver/Src/MPU6050.o
                0x00000000080068f8                MPU6050_Read_Temp_Value
 *fill*         0x000000000800696c        0x4 
 .text.MPU6050_Read_Value
                0x0000000008006970      0x1b0 ./Mydriver/Src/MPU6050.o
                0x0000000008006970                MPU6050_Read_Value
 .text.MPU6050_Test
                0x0000000008006b20      0x100 ./Mydriver/Src/MPU6050.o
                0x0000000008006b20                MPU6050_Test
 .text.MPU6050_Get_Device_Address
                0x0000000008006c20       0x32 ./Mydriver/Src/MPU6050.o
                0x0000000008006c20                MPU6050_Get_Device_Address
 *fill*         0x0000000008006c52        0x6 
 .text.HAL_TIM_IC_CaptureCallback
                0x0000000008006c58      0x104 ./Mydriver/Src/MyHcsr04.o
                0x0000000008006c58                HAL_TIM_IC_CaptureCallback
 .text.__libc_init_array
                0x0000000008006d5c       0x48 c:/st/stm32cubeide_1.9.0/stm32cubeide/plugins/com.st.stm32cube.ide.mcu.externaltools.gnu-tools-for-stm32.10.3-2021.10.win32_1.0.0.202111181127/tools/bin/../lib/gcc/arm-none-eabi/10.3.1/../../../../arm-none-eabi/lib/thumb/v7e-m+fp/hard\libc_nano.a(lib_a-init.o)
                0x0000000008006d5c                __libc_init_array
 .text.memset   0x0000000008006da4       0x10 c:/st/stm32cubeide_1.9.0/stm32cubeide/plugins/com.st.stm32cube.ide.mcu.externaltools.gnu-tools-for-stm32.10.3-2021.10.win32_1.0.0.202111181127/tools/bin/../lib/gcc/arm-none-eabi/10.3.1/../../../../arm-none-eabi/lib/thumb/v7e-m+fp/hard\libc_nano.a(lib_a-memset.o)
                0x0000000008006da4                memset
 *(.glue_7)
 .glue_7        0x0000000008006db4        0x0 linker stubs
 *(.glue_7t)
 .glue_7t       0x0000000008006db4        0x0 linker stubs
 *(.eh_frame)
 .eh_frame      0x0000000008006db4        0x0 c:/st/stm32cubeide_1.9.0/stm32cubeide/plugins/com.st.stm32cube.ide.mcu.externaltools.gnu-tools-for-stm32.10.3-2021.10.win32_1.0.0.202111181127/tools/bin/../lib/gcc/arm-none-eabi/10.3.1/thumb/v7e-m+fp/hard/crtbegin.o
 *(.init)
 .init          0x0000000008006db4        0x4 c:/st/stm32cubeide_1.9.0/stm32cubeide/plugins/com.st.stm32cube.ide.mcu.externaltools.gnu-tools-for-stm32.10.3-2021.10.win32_1.0.0.202111181127/tools/bin/../lib/gcc/arm-none-eabi/10.3.1/thumb/v7e-m+fp/hard/crti.o
                0x0000000008006db4                _init
 .init          0x0000000008006db8        0x8 c:/st/stm32cubeide_1.9.0/stm32cubeide/plugins/com.st.stm32cube.ide.mcu.externaltools.gnu-tools-for-stm32.10.3-2021.10.win32_1.0.0.202111181127/tools/bin/../lib/gcc/arm-none-eabi/10.3.1/thumb/v7e-m+fp/hard/crtn.o
 *(.fini)
 .fini          0x0000000008006dc0        0x4 c:/st/stm32cubeide_1.9.0/stm32cubeide/plugins/com.st.stm32cube.ide.mcu.externaltools.gnu-tools-for-stm32.10.3-2021.10.win32_1.0.0.202111181127/tools/bin/../lib/gcc/arm-none-eabi/10.3.1/thumb/v7e-m+fp/hard/crti.o
                0x0000000008006dc0                _fini
 .fini          0x0000000008006dc4        0x8 c:/st/stm32cubeide_1.9.0/stm32cubeide/plugins/com.st.stm32cube.ide.mcu.externaltools.gnu-tools-for-stm32.10.3-2021.10.win32_1.0.0.202111181127/tools/bin/../lib/gcc/arm-none-eabi/10.3.1/thumb/v7e-m+fp/hard/crtn.o
                0x0000000008006dcc                . = ALIGN (0x4)
                0x0000000008006dcc                _etext = .

.vfp11_veneer   0x0000000008006dcc        0x0
 .vfp11_veneer  0x0000000008006dcc        0x0 linker stubs

.v4_bx          0x0000000008006dcc        0x0
 .v4_bx         0x0000000008006dcc        0x0 linker stubs

.iplt           0x0000000008006dcc        0x0
 .iplt          0x0000000008006dcc        0x0 c:/st/stm32cubeide_1.9.0/stm32cubeide/plugins/com.st.stm32cube.ide.mcu.externaltools.gnu-tools-for-stm32.10.3-2021.10.win32_1.0.0.202111181127/tools/bin/../lib/gcc/arm-none-eabi/10.3.1/thumb/v7e-m+fp/hard/crtbegin.o

.rodata         0x0000000008006dcc       0x48
                0x0000000008006dcc                . = ALIGN (0x4)
 *(.rodata)
 *(.rodata*)
 .rodata.AHBPrescTable
                0x0000000008006dcc       0x10 ./Core/Src/system_stm32l4xx.o
                0x0000000008006dcc                AHBPrescTable
 .rodata.APBPrescTable
                0x0000000008006ddc        0x8 ./Core/Src/system_stm32l4xx.o
                0x0000000008006ddc                APBPrescTable
 .rodata.MSIRangeTable
                0x0000000008006de4       0x30 ./Core/Src/system_stm32l4xx.o
                0x0000000008006de4                MSIRangeTable
                0x0000000008006e14                . = ALIGN (0x4)

.ARM.extab      0x0000000008006e14        0x0
                0x0000000008006e14                . = ALIGN (0x4)
 *(.ARM.extab* .gnu.linkonce.armextab.*)
                0x0000000008006e14                . = ALIGN (0x4)

.ARM            0x0000000008006e14        0x8
                0x0000000008006e14                . = ALIGN (0x4)
                0x0000000008006e14                __exidx_start = .
 *(.ARM.exidx*)
 .ARM.exidx     0x0000000008006e14        0x8 c:/st/stm32cubeide_1.9.0/stm32cubeide/plugins/com.st.stm32cube.ide.mcu.externaltools.gnu-tools-for-stm32.10.3-2021.10.win32_1.0.0.202111181127/tools/bin/../lib/gcc/arm-none-eabi/10.3.1/thumb/v7e-m+fp/hard\libgcc.a(_udivmoddi4.o)
                0x0000000008006e1c                __exidx_end = .
                0x0000000008006e1c                . = ALIGN (0x4)

.rel.dyn        0x0000000008006e1c        0x0
 .rel.iplt      0x0000000008006e1c        0x0 c:/st/stm32cubeide_1.9.0/stm32cubeide/plugins/com.st.stm32cube.ide.mcu.externaltools.gnu-tools-for-stm32.10.3-2021.10.win32_1.0.0.202111181127/tools/bin/../lib/gcc/arm-none-eabi/10.3.1/thumb/v7e-m+fp/hard/crtbegin.o

.preinit_array  0x0000000008006e1c        0x0
                0x0000000008006e1c                . = ALIGN (0x4)
                0x0000000008006e1c                PROVIDE (__preinit_array_start = .)
 *(.preinit_array*)
                0x0000000008006e1c                PROVIDE (__preinit_array_end = .)
                0x0000000008006e1c                . = ALIGN (0x4)

.init_array     0x0000000008006e1c        0x4
                0x0000000008006e1c                . = ALIGN (0x4)
                0x0000000008006e1c                PROVIDE (__init_array_start = .)
 *(SORT_BY_NAME(.init_array.*))
 *(.init_array*)
 .init_array    0x0000000008006e1c        0x4 c:/st/stm32cubeide_1.9.0/stm32cubeide/plugins/com.st.stm32cube.ide.mcu.externaltools.gnu-tools-for-stm32.10.3-2021.10.win32_1.0.0.202111181127/tools/bin/../lib/gcc/arm-none-eabi/10.3.1/thumb/v7e-m+fp/hard/crtbegin.o
                0x0000000008006e20                PROVIDE (__init_array_end = .)
                0x0000000008006e20                . = ALIGN (0x4)

.fini_array     0x0000000008006e20        0x4
                0x0000000008006e20                . = ALIGN (0x4)
                [!provide]                        PROVIDE (__fini_array_start = .)
 *(SORT_BY_NAME(.fini_array.*))
 *(.fini_array*)
 .fini_array    0x0000000008006e20        0x4 c:/st/stm32cubeide_1.9.0/stm32cubeide/plugins/com.st.stm32cube.ide.mcu.externaltools.gnu-tools-for-stm32.10.3-2021.10.win32_1.0.0.202111181127/tools/bin/../lib/gcc/arm-none-eabi/10.3.1/thumb/v7e-m+fp/hard/crtbegin.o
                [!provide]                        PROVIDE (__fini_array_end = .)
                0x0000000008006e24                . = ALIGN (0x4)
                0x0000000008006e24                _sidata = LOADADDR (.data)

.data           0x0000000020000000       0x50 load address 0x0000000008006e24
                0x0000000020000000                . = ALIGN (0x4)
                0x0000000020000000                _sdata = .
 *(.data)
 *(.data*)
 .data.SystemCoreClock
                0x0000000020000000        0x4 ./Core/Src/system_stm32l4xx.o
                0x0000000020000000                SystemCoreClock
 .data.uwTickPrio
                0x0000000020000004        0x4 ./Drivers/STM32L4xx_HAL_Driver/Src/stm32l4xx_hal.o
                0x0000000020000004                uwTickPrio
 .data.uwTickFreq
                0x0000000020000008        0x1 ./Drivers/STM32L4xx_HAL_Driver/Src/stm32l4xx_hal.o
                0x0000000020000008                uwTickFreq
 *fill*         0x0000000020000009        0x7 
 .data.look_up_gyro_sens
                0x0000000020000010       0x20 ./Mydriver/Src/MPU6050.o
 .data.look_up_accel_sens
                0x0000000020000030       0x20 ./Mydriver/Src/MPU6050.o
 *(.RamFunc)
 *(.RamFunc*)
                0x0000000020000050                . = ALIGN (0x4)
                0x0000000020000050                _edata = .

.igot.plt       0x0000000020000050        0x0 load address 0x0000000008006e74
 .igot.plt      0x0000000020000050        0x0 c:/st/stm32cubeide_1.9.0/stm32cubeide/plugins/com.st.stm32cube.ide.mcu.externaltools.gnu-tools-for-stm32.10.3-2021.10.win32_1.0.0.202111181127/tools/bin/../lib/gcc/arm-none-eabi/10.3.1/thumb/v7e-m+fp/hard/crtbegin.o
                0x0000000020000050                . = ALIGN (0x4)

.bss            0x0000000020000050      0x264 load address 0x0000000008006e74
                0x0000000020000050                _sbss = .
                0x0000000020000050                __bss_start__ = _sbss
 *(.bss)
 .bss           0x0000000020000050       0x1c c:/st/stm32cubeide_1.9.0/stm32cubeide/plugins/com.st.stm32cube.ide.mcu.externaltools.gnu-tools-for-stm32.10.3-2021.10.win32_1.0.0.202111181127/tools/bin/../lib/gcc/arm-none-eabi/10.3.1/thumb/v7e-m+fp/hard/crtbegin.o
 *(.bss*)
 .bss.hdma_adc1
                0x000000002000006c       0x48 ./Core/Src/adc.o
                0x000000002000006c                hdma_adc1
 .bss.hi2c1     0x00000000200000b4       0x54 ./Core/Src/i2c.o
                0x00000000200000b4                hi2c1
 .bss.hspi2     0x0000000020000108       0x64 ./Core/Src/spi.o
                0x0000000020000108                hspi2
 .bss.htim1     0x000000002000016c       0x4c ./Core/Src/tim.o
                0x000000002000016c                htim1
 .bss.htim2     0x00000000200001b8       0x4c ./Core/Src/tim.o
                0x00000000200001b8                htim2
 .bss.huart2    0x0000000020000204       0x84 ./Core/Src/usart.o
                0x0000000020000204                huart2
 .bss.uwTick    0x0000000020000288        0x4 ./Drivers/STM32L4xx_HAL_Driver/Src/stm32l4xx_hal.o
                0x0000000020000288                uwTick
 *fill*         0x000000002000028c        0x4 
 .bss.gyro_sens
                0x0000000020000290        0x8 ./Mydriver/Src/MPU6050.o
 .bss.accel_sens
                0x0000000020000298        0x8 ./Mydriver/Src/MPU6050.o
 .bss.isFirstCapture
                0x00000000200002a0        0x1 ./Mydriver/Src/MyHcsr04.o
 *fill*         0x00000000200002a1        0x3 
 .bss.first_capture
                0x00000000200002a4        0x4 ./Mydriver/Src/MyHcsr04.o
 .bss.second_capture
                0x00000000200002a8        0x4 ./Mydriver/Src/MyHcsr04.o
 .bss.diff_captures
                0x00000000200002ac        0x4 ./Mydriver/Src/MyHcsr04.o
 .bss.distance  0x00000000200002b0        0x4 ./Mydriver/Src/MyHcsr04.o
 *(COMMON)
                0x00000000200002b4                . = ALIGN (0x4)
                0x00000000200002b4                _ebss = .
                0x00000000200002b4                __bss_end__ = _ebss

._user_heap_stack
                0x00000000200002b4      0x604 load address 0x0000000008006e74
                0x00000000200002b8                . = ALIGN (0x8)
 *fill*         0x00000000200002b4        0x4 
                [!provide]                        PROVIDE (end = .)
                0x00000000200002b8                PROVIDE (_end = .)
                0x00000000200004b8                . = (. + _Min_Heap_Size)
 *fill*         0x00000000200002b8      0x200 
                0x00000000200008b8                . = (. + _Min_Stack_Size)
 *fill*         0x00000000200004b8      0x400 
                0x00000000200008b8                . = ALIGN (0x8)

/DISCARD/
 libc.a(*)
 libm.a(*)
 libgcc.a(*)

.ARM.attributes
                0x0000000000000000       0x30
 *(.ARM.attributes)
 .ARM.attributes
                0x0000000000000000       0x1e c:/st/stm32cubeide_1.9.0/stm32cubeide/plugins/com.st.stm32cube.ide.mcu.externaltools.gnu-tools-for-stm32.10.3-2021.10.win32_1.0.0.202111181127/tools/bin/../lib/gcc/arm-none-eabi/10.3.1/thumb/v7e-m+fp/hard/crti.o
 .ARM.attributes
                0x000000000000001e       0x34 c:/st/stm32cubeide_1.9.0/stm32cubeide/plugins/com.st.stm32cube.ide.mcu.externaltools.gnu-tools-for-stm32.10.3-2021.10.win32_1.0.0.202111181127/tools/bin/../lib/gcc/arm-none-eabi/10.3.1/thumb/v7e-m+fp/hard/crtbegin.o
 .ARM.attributes
                0x0000000000000052       0x34 ./Core/Src/adc.o
 .ARM.attributes
                0x0000000000000086       0x34 ./Core/Src/dma.o
 .ARM.attributes
                0x00000000000000ba       0x34 ./Core/Src/gpio.o
 .ARM.attributes
                0x00000000000000ee       0x34 ./Core/Src/i2c.o
 .ARM.attributes
                0x0000000000000122       0x34 ./Core/Src/main.o
 .ARM.attributes
                0x0000000000000156       0x34 ./Core/Src/spi.o
 .ARM.attributes
                0x000000000000018a       0x34 ./Core/Src/stm32l4xx_hal_msp.o
 .ARM.attributes
                0x00000000000001be       0x34 ./Core/Src/stm32l4xx_it.o
 .ARM.attributes
                0x00000000000001f2       0x34 ./Core/Src/system_stm32l4xx.o
 .ARM.attributes
                0x0000000000000226       0x34 ./Core/Src/tim.o
 .ARM.attributes
                0x000000000000025a       0x34 ./Core/Src/usart.o
 .ARM.attributes
                0x000000000000028e       0x21 ./Core/Startup/startup_stm32l476rgtx.o
 .ARM.attributes
                0x00000000000002af       0x34 ./Drivers/STM32L4xx_HAL_Driver/Src/stm32l4xx_hal.o
 .ARM.attributes
                0x00000000000002e3       0x34 ./Drivers/STM32L4xx_HAL_Driver/Src/stm32l4xx_hal_cortex.o
 .ARM.attributes
                0x0000000000000317       0x34 ./Drivers/STM32L4xx_HAL_Driver/Src/stm32l4xx_hal_dma.o
 .ARM.attributes
                0x000000000000034b       0x34 ./Drivers/STM32L4xx_HAL_Driver/Src/stm32l4xx_hal_gpio.o
 .ARM.attributes
                0x000000000000037f       0x34 ./Drivers/STM32L4xx_HAL_Driver/Src/stm32l4xx_hal_i2c.o
 .ARM.attributes
                0x00000000000003b3       0x34 ./Drivers/STM32L4xx_HAL_Driver/Src/stm32l4xx_hal_i2c_ex.o
 .ARM.attributes
                0x00000000000003e7       0x34 ./Drivers/STM32L4xx_HAL_Driver/Src/stm32l4xx_hal_pwr_ex.o
 .ARM.attributes
                0x000000000000041b       0x34 ./Drivers/STM32L4xx_HAL_Driver/Src/stm32l4xx_hal_rcc.o
 .ARM.attributes
                0x000000000000044f       0x34 ./Drivers/STM32L4xx_HAL_Driver/Src/stm32l4xx_hal_rcc_ex.o
 .ARM.attributes
                0x0000000000000483       0x34 ./Drivers/STM32L4xx_HAL_Driver/Src/stm32l4xx_hal_spi.o
 .ARM.attributes
                0x00000000000004b7       0x34 ./Drivers/STM32L4xx_HAL_Driver/Src/stm32l4xx_hal_tim.o
 .ARM.attributes
                0x00000000000004eb       0x34 ./Drivers/STM32L4xx_HAL_Driver/Src/stm32l4xx_hal_tim_ex.o
 .ARM.attributes
                0x000000000000051f       0x34 ./Drivers/STM32L4xx_HAL_Driver/Src/stm32l4xx_hal_uart.o
 .ARM.attributes
                0x0000000000000553       0x34 ./Mydriver/Src/MPU6050.o
 .ARM.attributes
                0x0000000000000587       0x34 ./Mydriver/Src/MyHcsr04.o
 .ARM.attributes
                0x00000000000005bb       0x34 c:/st/stm32cubeide_1.9.0/stm32cubeide/plugins/com.st.stm32cube.ide.mcu.externaltools.gnu-tools-for-stm32.10.3-2021.10.win32_1.0.0.202111181127/tools/bin/../lib/gcc/arm-none-eabi/10.3.1/../../../../arm-none-eabi/lib/thumb/v7e-m+fp/hard\libc_nano.a(lib_a-init.o)
 .ARM.attributes
                0x00000000000005ef       0x34 c:/st/stm32cubeide_1.9.0/stm32cubeide/plugins/com.st.stm32cube.ide.mcu.externaltools.gnu-tools-for-stm32.10.3-2021.10.win32_1.0.0.202111181127/tools/bin/../lib/gcc/arm-none-eabi/10.3.1/../../../../arm-none-eabi/lib/thumb/v7e-m+fp/hard\libc_nano.a(lib_a-memset.o)
 .ARM.attributes
                0x0000000000000623       0x1e c:/st/stm32cubeide_1.9.0/stm32cubeide/plugins/com.st.stm32cube.ide.mcu.externaltools.gnu-tools-for-stm32.10.3-2021.10.win32_1.0.0.202111181127/tools/bin/../lib/gcc/arm-none-eabi/10.3.1/thumb/v7e-m+fp/hard\libgcc.a(_arm_addsubdf3.o)
 .ARM.attributes
                0x0000000000000641       0x1e c:/st/stm32cubeide_1.9.0/stm32cubeide/plugins/com.st.stm32cube.ide.mcu.externaltools.gnu-tools-for-stm32.10.3-2021.10.win32_1.0.0.202111181127/tools/bin/../lib/gcc/arm-none-eabi/10.3.1/thumb/v7e-m+fp/hard\libgcc.a(_arm_muldivdf3.o)
 .ARM.attributes
                0x000000000000065f       0x1e c:/st/stm32cubeide_1.9.0/stm32cubeide/plugins/com.st.stm32cube.ide.mcu.externaltools.gnu-tools-for-stm32.10.3-2021.10.win32_1.0.0.202111181127/tools/bin/../lib/gcc/arm-none-eabi/10.3.1/thumb/v7e-m+fp/hard\libgcc.a(_arm_fixunsdfsi.o)
 .ARM.attributes
                0x000000000000067d       0x1e c:/st/stm32cubeide_1.9.0/stm32cubeide/plugins/com.st.stm32cube.ide.mcu.externaltools.gnu-tools-for-stm32.10.3-2021.10.win32_1.0.0.202111181127/tools/bin/../lib/gcc/arm-none-eabi/10.3.1/thumb/v7e-m+fp/hard\libgcc.a(_aeabi_uldivmod.o)
 .ARM.attributes
                0x000000000000069b       0x34 c:/st/stm32cubeide_1.9.0/stm32cubeide/plugins/com.st.stm32cube.ide.mcu.externaltools.gnu-tools-for-stm32.10.3-2021.10.win32_1.0.0.202111181127/tools/bin/../lib/gcc/arm-none-eabi/10.3.1/thumb/v7e-m+fp/hard\libgcc.a(_udivmoddi4.o)
 .ARM.attributes
                0x00000000000006cf       0x1e c:/st/stm32cubeide_1.9.0/stm32cubeide/plugins/com.st.stm32cube.ide.mcu.externaltools.gnu-tools-for-stm32.10.3-2021.10.win32_1.0.0.202111181127/tools/bin/../lib/gcc/arm-none-eabi/10.3.1/thumb/v7e-m+fp/hard\libgcc.a(_dvmd_tls.o)
 .ARM.attributes
                0x00000000000006ed       0x1e c:/st/stm32cubeide_1.9.0/stm32cubeide/plugins/com.st.stm32cube.ide.mcu.externaltools.gnu-tools-for-stm32.10.3-2021.10.win32_1.0.0.202111181127/tools/bin/../lib/gcc/arm-none-eabi/10.3.1/thumb/v7e-m+fp/hard/crtn.o
OUTPUT(AdcProject1.elf elf32-littlearm)
LOAD linker stubs
LOAD c:/st/stm32cubeide_1.9.0/stm32cubeide/plugins/com.st.stm32cube.ide.mcu.externaltools.gnu-tools-for-stm32.10.3-2021.10.win32_1.0.0.202111181127/tools/bin/../lib/gcc/arm-none-eabi/10.3.1/../../../../arm-none-eabi/lib/thumb/v7e-m+fp/hard\libc.a
LOAD c:/st/stm32cubeide_1.9.0/stm32cubeide/plugins/com.st.stm32cube.ide.mcu.externaltools.gnu-tools-for-stm32.10.3-2021.10.win32_1.0.0.202111181127/tools/bin/../lib/gcc/arm-none-eabi/10.3.1/../../../../arm-none-eabi/lib/thumb/v7e-m+fp/hard\libm.a
LOAD c:/st/stm32cubeide_1.9.0/stm32cubeide/plugins/com.st.stm32cube.ide.mcu.externaltools.gnu-tools-for-stm32.10.3-2021.10.win32_1.0.0.202111181127/tools/bin/../lib/gcc/arm-none-eabi/10.3.1/thumb/v7e-m+fp/hard\libgcc.a

.debug_info     0x0000000000000000    0x191de
 .debug_info    0x0000000000000000      0xd85 ./Core/Src/adc.o
 .debug_info    0x0000000000000d85      0x552 ./Core/Src/dma.o
 .debug_info    0x00000000000012d7      0x4ef ./Core/Src/gpio.o
 .debug_info    0x00000000000017c6      0xd15 ./Core/Src/i2c.o
 .debug_info    0x00000000000024db      0x7d0 ./Core/Src/main.o
 .debug_info    0x0000000000002cab      0xa56 ./Core/Src/spi.o
 .debug_info    0x0000000000003701      0x308 ./Core/Src/stm32l4xx_hal_msp.o
 .debug_info    0x0000000000003a09      0x795 ./Core/Src/stm32l4xx_it.o
 .debug_info    0x000000000000419e      0x5c6 ./Core/Src/system_stm32l4xx.o
 .debug_info    0x0000000000004764     0x110c ./Core/Src/tim.o
 .debug_info    0x0000000000005870      0xd51 ./Core/Src/usart.o
 .debug_info    0x00000000000065c1       0x22 ./Core/Startup/startup_stm32l476rgtx.o
 .debug_info    0x00000000000065e3      0xc57 ./Drivers/STM32L4xx_HAL_Driver/Src/stm32l4xx_hal.o
 .debug_info    0x000000000000723a      0xe21 ./Drivers/STM32L4xx_HAL_Driver/Src/stm32l4xx_hal_cortex.o
 .debug_info    0x000000000000805b      0x76a ./Drivers/STM32L4xx_HAL_Driver/Src/stm32l4xx_hal_dma.o
 .debug_info    0x00000000000087c5      0x821 ./Drivers/STM32L4xx_HAL_Driver/Src/stm32l4xx_hal_gpio.o
 .debug_info    0x0000000000008fe6     0x2232 ./Drivers/STM32L4xx_HAL_Driver/Src/stm32l4xx_hal_i2c.o
 .debug_info    0x000000000000b218      0xa45 ./Drivers/STM32L4xx_HAL_Driver/Src/stm32l4xx_hal_i2c_ex.o
 .debug_info    0x000000000000bc5d      0x9f0 ./Drivers/STM32L4xx_HAL_Driver/Src/stm32l4xx_hal_pwr_ex.o
 .debug_info    0x000000000000c64d      0xced ./Drivers/STM32L4xx_HAL_Driver/Src/stm32l4xx_hal_rcc.o
 .debug_info    0x000000000000d33a      0xe92 ./Drivers/STM32L4xx_HAL_Driver/Src/stm32l4xx_hal_rcc_ex.o
 .debug_info    0x000000000000e1cc     0x1782 ./Drivers/STM32L4xx_HAL_Driver/Src/stm32l4xx_hal_spi.o
 .debug_info    0x000000000000f94e     0x2d04 ./Drivers/STM32L4xx_HAL_Driver/Src/stm32l4xx_hal_tim.o
 .debug_info    0x0000000000012652     0x17eb ./Drivers/STM32L4xx_HAL_Driver/Src/stm32l4xx_hal_tim_ex.o
 .debug_info    0x0000000000013e3d     0x3d0e ./Drivers/STM32L4xx_HAL_Driver/Src/stm32l4xx_hal_uart.o
 .debug_info    0x0000000000017b4b      0xcd5 ./Mydriver/Src/MPU6050.o
 .debug_info    0x0000000000018820      0x9be ./Mydriver/Src/MyHcsr04.o

.debug_abbrev   0x0000000000000000     0x3375
 .debug_abbrev  0x0000000000000000      0x1d3 ./Core/Src/adc.o
 .debug_abbrev  0x00000000000001d3       0xf8 ./Core/Src/dma.o
 .debug_abbrev  0x00000000000002cb      0x146 ./Core/Src/gpio.o
 .debug_abbrev  0x0000000000000411      0x202 ./Core/Src/i2c.o
 .debug_abbrev  0x0000000000000613      0x200 ./Core/Src/main.o
 .debug_abbrev  0x0000000000000813      0x1e0 ./Core/Src/spi.o
 .debug_abbrev  0x00000000000009f3       0xc2 ./Core/Src/stm32l4xx_hal_msp.o
 .debug_abbrev  0x0000000000000ab5      0x184 ./Core/Src/stm32l4xx_it.o
 .debug_abbrev  0x0000000000000c39      0x116 ./Core/Src/system_stm32l4xx.o
 .debug_abbrev  0x0000000000000d4f      0x21f ./Core/Src/tim.o
 .debug_abbrev  0x0000000000000f6e      0x1e7 ./Core/Src/usart.o
 .debug_abbrev  0x0000000000001155       0x12 ./Core/Startup/startup_stm32l476rgtx.o
 .debug_abbrev  0x0000000000001167      0x23a ./Drivers/STM32L4xx_HAL_Driver/Src/stm32l4xx_hal.o
 .debug_abbrev  0x00000000000013a1      0x316 ./Drivers/STM32L4xx_HAL_Driver/Src/stm32l4xx_hal_cortex.o
 .debug_abbrev  0x00000000000016b7      0x1d7 ./Drivers/STM32L4xx_HAL_Driver/Src/stm32l4xx_hal_dma.o
 .debug_abbrev  0x000000000000188e      0x1bb ./Drivers/STM32L4xx_HAL_Driver/Src/stm32l4xx_hal_gpio.o
 .debug_abbrev  0x0000000000001a49      0x243 ./Drivers/STM32L4xx_HAL_Driver/Src/stm32l4xx_hal_i2c.o
 .debug_abbrev  0x0000000000001c8c      0x1b0 ./Drivers/STM32L4xx_HAL_Driver/Src/stm32l4xx_hal_i2c_ex.o
 .debug_abbrev  0x0000000000001e3c      0x1f3 ./Drivers/STM32L4xx_HAL_Driver/Src/stm32l4xx_hal_pwr_ex.o
 .debug_abbrev  0x000000000000202f      0x2bd ./Drivers/STM32L4xx_HAL_Driver/Src/stm32l4xx_hal_rcc.o
 .debug_abbrev  0x00000000000022ec      0x299 ./Drivers/STM32L4xx_HAL_Driver/Src/stm32l4xx_hal_rcc_ex.o
 .debug_abbrev  0x0000000000002585      0x254 ./Drivers/STM32L4xx_HAL_Driver/Src/stm32l4xx_hal_spi.o
 .debug_abbrev  0x00000000000027d9      0x264 ./Drivers/STM32L4xx_HAL_Driver/Src/stm32l4xx_hal_tim.o
 .debug_abbrev  0x0000000000002a3d      0x26c ./Drivers/STM32L4xx_HAL_Driver/Src/stm32l4xx_hal_tim_ex.o
 .debug_abbrev  0x0000000000002ca9      0x2bc ./Drivers/STM32L4xx_HAL_Driver/Src/stm32l4xx_hal_uart.o
 .debug_abbrev  0x0000000000002f65      0x209 ./Mydriver/Src/MPU6050.o
 .debug_abbrev  0x000000000000316e      0x207 ./Mydriver/Src/MyHcsr04.o

.debug_aranges  0x0000000000000000     0x1510
 .debug_aranges
                0x0000000000000000       0x30 ./Core/Src/adc.o
 .debug_aranges
                0x0000000000000030       0x20 ./Core/Src/dma.o
 .debug_aranges
                0x0000000000000050       0x20 ./Core/Src/gpio.o
 .debug_aranges
                0x0000000000000070       0x30 ./Core/Src/i2c.o
 .debug_aranges
                0x00000000000000a0       0x30 ./Core/Src/main.o
 .debug_aranges
                0x00000000000000d0       0x30 ./Core/Src/spi.o
 .debug_aranges
                0x0000000000000100       0x20 ./Core/Src/stm32l4xx_hal_msp.o
 .debug_aranges
                0x0000000000000120       0x70 ./Core/Src/stm32l4xx_it.o
 .debug_aranges
                0x0000000000000190       0x28 ./Core/Src/system_stm32l4xx.o
 .debug_aranges
                0x00000000000001b8       0x50 ./Core/Src/tim.o
 .debug_aranges
                0x0000000000000208       0x30 ./Core/Src/usart.o
 .debug_aranges
                0x0000000000000238       0x28 ./Core/Startup/startup_stm32l476rgtx.o
 .debug_aranges
                0x0000000000000260      0x130 ./Drivers/STM32L4xx_HAL_Driver/Src/stm32l4xx_hal.o
 .debug_aranges
                0x0000000000000390      0x118 ./Drivers/STM32L4xx_HAL_Driver/Src/stm32l4xx_hal_cortex.o
 .debug_aranges
                0x00000000000004a8       0x80 ./Drivers/STM32L4xx_HAL_Driver/Src/stm32l4xx_hal_dma.o
 .debug_aranges
                0x0000000000000528       0x58 ./Drivers/STM32L4xx_HAL_Driver/Src/stm32l4xx_hal_gpio.o
 .debug_aranges
                0x0000000000000580      0x2a0 ./Drivers/STM32L4xx_HAL_Driver/Src/stm32l4xx_hal_i2c.o
 .debug_aranges
                0x0000000000000820       0x48 ./Drivers/STM32L4xx_HAL_Driver/Src/stm32l4xx_hal_i2c_ex.o
 .debug_aranges
                0x0000000000000868      0x160 ./Drivers/STM32L4xx_HAL_Driver/Src/stm32l4xx_hal_pwr_ex.o
 .debug_aranges
                0x00000000000009c8       0x90 ./Drivers/STM32L4xx_HAL_Driver/Src/stm32l4xx_hal_rcc.o
 .debug_aranges
                0x0000000000000a58       0xc0 ./Drivers/STM32L4xx_HAL_Driver/Src/stm32l4xx_hal_rcc_ex.o
 .debug_aranges
                0x0000000000000b18      0x1d8 ./Drivers/STM32L4xx_HAL_Driver/Src/stm32l4xx_hal_spi.o
 .debug_aranges
                0x0000000000000cf0      0x3e0 ./Drivers/STM32L4xx_HAL_Driver/Src/stm32l4xx_hal_tim.o
 .debug_aranges
                0x00000000000010d0      0x180 ./Drivers/STM32L4xx_HAL_Driver/Src/stm32l4xx_hal_tim_ex.o
 .debug_aranges
                0x0000000000001250      0x228 ./Drivers/STM32L4xx_HAL_Driver/Src/stm32l4xx_hal_uart.o
 .debug_aranges
                0x0000000000001478       0x60 ./Mydriver/Src/MPU6050.o
 .debug_aranges
                0x00000000000014d8       0x38 ./Mydriver/Src/MyHcsr04.o

.debug_ranges   0x0000000000000000     0x1398
 .debug_ranges  0x0000000000000000       0x20 ./Core/Src/adc.o
 .debug_ranges  0x0000000000000020       0x10 ./Core/Src/dma.o
 .debug_ranges  0x0000000000000030       0x10 ./Core/Src/gpio.o
 .debug_ranges  0x0000000000000040       0x20 ./Core/Src/i2c.o
 .debug_ranges  0x0000000000000060       0x20 ./Core/Src/main.o
 .debug_ranges  0x0000000000000080       0x20 ./Core/Src/spi.o
 .debug_ranges  0x00000000000000a0       0x10 ./Core/Src/stm32l4xx_hal_msp.o
 .debug_ranges  0x00000000000000b0       0x60 ./Core/Src/stm32l4xx_it.o
 .debug_ranges  0x0000000000000110       0x18 ./Core/Src/system_stm32l4xx.o
 .debug_ranges  0x0000000000000128       0x40 ./Core/Src/tim.o
 .debug_ranges  0x0000000000000168       0x20 ./Core/Src/usart.o
 .debug_ranges  0x0000000000000188       0x20 ./Core/Startup/startup_stm32l476rgtx.o
 .debug_ranges  0x00000000000001a8      0x120 ./Drivers/STM32L4xx_HAL_Driver/Src/stm32l4xx_hal.o
 .debug_ranges  0x00000000000002c8      0x108 ./Drivers/STM32L4xx_HAL_Driver/Src/stm32l4xx_hal_cortex.o
 .debug_ranges  0x00000000000003d0       0x70 ./Drivers/STM32L4xx_HAL_Driver/Src/stm32l4xx_hal_dma.o
 .debug_ranges  0x0000000000000440       0x48 ./Drivers/STM32L4xx_HAL_Driver/Src/stm32l4xx_hal_gpio.o
 .debug_ranges  0x0000000000000488      0x290 ./Drivers/STM32L4xx_HAL_Driver/Src/stm32l4xx_hal_i2c.o
 .debug_ranges  0x0000000000000718       0x38 ./Drivers/STM32L4xx_HAL_Driver/Src/stm32l4xx_hal_i2c_ex.o
 .debug_ranges  0x0000000000000750      0x150 ./Drivers/STM32L4xx_HAL_Driver/Src/stm32l4xx_hal_pwr_ex.o
 .debug_ranges  0x00000000000008a0       0x80 ./Drivers/STM32L4xx_HAL_Driver/Src/stm32l4xx_hal_rcc.o
 .debug_ranges  0x0000000000000920       0xb0 ./Drivers/STM32L4xx_HAL_Driver/Src/stm32l4xx_hal_rcc_ex.o
 .debug_ranges  0x00000000000009d0      0x1c8 ./Drivers/STM32L4xx_HAL_Driver/Src/stm32l4xx_hal_spi.o
 .debug_ranges  0x0000000000000b98      0x3d0 ./Drivers/STM32L4xx_HAL_Driver/Src/stm32l4xx_hal_tim.o
 .debug_ranges  0x0000000000000f68      0x170 ./Drivers/STM32L4xx_HAL_Driver/Src/stm32l4xx_hal_tim_ex.o
 .debug_ranges  0x00000000000010d8      0x248 ./Drivers/STM32L4xx_HAL_Driver/Src/stm32l4xx_hal_uart.o
 .debug_ranges  0x0000000000001320       0x50 ./Mydriver/Src/MPU6050.o
 .debug_ranges  0x0000000000001370       0x28 ./Mydriver/Src/MyHcsr04.o

.debug_macro    0x0000000000000000    0x2b125
 .debug_macro   0x0000000000000000      0x22a ./Core/Src/adc.o
 .debug_macro   0x000000000000022a      0xa78 ./Core/Src/adc.o
 .debug_macro   0x0000000000000ca2      0x1b9 ./Core/Src/adc.o
 .debug_macro   0x0000000000000e5b       0x2e ./Core/Src/adc.o
 .debug_macro   0x0000000000000e89       0x28 ./Core/Src/adc.o
 .debug_macro   0x0000000000000eb1       0x22 ./Core/Src/adc.o
 .debug_macro   0x0000000000000ed3       0x8e ./Core/Src/adc.o
 .debug_macro   0x0000000000000f61       0x51 ./Core/Src/adc.o
 .debug_macro   0x0000000000000fb2      0x103 ./Core/Src/adc.o
 .debug_macro   0x00000000000010b5       0x6a ./Core/Src/adc.o
 .debug_macro   0x000000000000111f      0x1df ./Core/Src/adc.o
 .debug_macro   0x00000000000012fe       0x1c ./Core/Src/adc.o
 .debug_macro   0x000000000000131a       0x22 ./Core/Src/adc.o
 .debug_macro   0x000000000000133c       0xfb ./Core/Src/adc.o
 .debug_macro   0x0000000000001437     0x1011 ./Core/Src/adc.o
 .debug_macro   0x0000000000002448      0x11f ./Core/Src/adc.o
 .debug_macro   0x0000000000002567    0x1a17a ./Core/Src/adc.o
 .debug_macro   0x000000000001c6e1       0x6d ./Core/Src/adc.o
 .debug_macro   0x000000000001c74e     0x38e6 ./Core/Src/adc.o
 .debug_macro   0x0000000000020034      0x174 ./Core/Src/adc.o
 .debug_macro   0x00000000000201a8       0x5c ./Core/Src/adc.o
 .debug_macro   0x0000000000020204     0x159e ./Core/Src/adc.o
 .debug_macro   0x00000000000217a2      0x5a5 ./Core/Src/adc.o
 .debug_macro   0x0000000000021d47      0x1b9 ./Core/Src/adc.o
 .debug_macro   0x0000000000021f00      0x18b ./Core/Src/adc.o
 .debug_macro   0x000000000002208b      0x26b ./Core/Src/adc.o
 .debug_macro   0x00000000000222f6      0x23d ./Core/Src/adc.o
 .debug_macro   0x0000000000022533      0xf8a ./Core/Src/adc.o
 .debug_macro   0x00000000000234bd      0x632 ./Core/Src/adc.o
 .debug_macro   0x0000000000023aef      0x30c ./Core/Src/adc.o
 .debug_macro   0x0000000000023dfb      0x241 ./Core/Src/adc.o
 .debug_macro   0x000000000002403c      0x37c ./Core/Src/adc.o
 .debug_macro   0x00000000000243b8       0xd6 ./Core/Src/adc.o
 .debug_macro   0x000000000002448e      0x22c ./Core/Src/adc.o
 .debug_macro   0x00000000000246ba       0x61 ./Core/Src/adc.o
 .debug_macro   0x000000000002471b       0xa5 ./Core/Src/adc.o
 .debug_macro   0x00000000000247c0      0x122 ./Core/Src/adc.o
 .debug_macro   0x00000000000248e2      0x3ef ./Core/Src/adc.o
 .debug_macro   0x0000000000024cd1      0x2fe ./Core/Src/adc.o
 .debug_macro   0x0000000000024fcf      0xa91 ./Core/Src/adc.o
 .debug_macro   0x0000000000025a60      0x1e6 ./Core/Src/adc.o
 .debug_macro   0x0000000000025c46      0x5ba ./Core/Src/adc.o
 .debug_macro   0x0000000000026200       0x44 ./Core/Src/adc.o
 .debug_macro   0x0000000000026244      0x330 ./Core/Src/adc.o
 .debug_macro   0x0000000000026574       0x58 ./Core/Src/adc.o
 .debug_macro   0x00000000000265cc      0x22a ./Core/Src/dma.o
 .debug_macro   0x00000000000267f6      0x22a ./Core/Src/gpio.o
 .debug_macro   0x0000000000026a20      0x22a ./Core/Src/i2c.o
 .debug_macro   0x0000000000026c4a      0x458 ./Core/Src/main.o
 .debug_macro   0x00000000000270a2       0x52 ./Core/Src/main.o
 .debug_macro   0x00000000000270f4       0x1e ./Core/Src/main.o
 .debug_macro   0x0000000000027112       0x3c ./Core/Src/main.o
 .debug_macro   0x000000000002714e       0x34 ./Core/Src/main.o
 .debug_macro   0x0000000000027182       0x16 ./Core/Src/main.o
 .debug_macro   0x0000000000027198       0x35 ./Core/Src/main.o
 .debug_macro   0x00000000000271cd      0x341 ./Core/Src/main.o
 .debug_macro   0x000000000002750e       0x10 ./Core/Src/main.o
 .debug_macro   0x000000000002751e       0x16 ./Core/Src/main.o
 .debug_macro   0x0000000000027534       0x43 ./Core/Src/main.o
 .debug_macro   0x0000000000027577       0x34 ./Core/Src/main.o
 .debug_macro   0x00000000000275ab       0x10 ./Core/Src/main.o
 .debug_macro   0x00000000000275bb       0x58 ./Core/Src/main.o
 .debug_macro   0x0000000000027613       0x71 ./Core/Src/main.o
 .debug_macro   0x0000000000027684       0x1c ./Core/Src/main.o
 .debug_macro   0x00000000000276a0      0x12a ./Core/Src/main.o
 .debug_macro   0x00000000000277ca       0x10 ./Core/Src/main.o
 .debug_macro   0x00000000000277da       0x1c ./Core/Src/main.o
 .debug_macro   0x00000000000277f6       0x52 ./Core/Src/main.o
 .debug_macro   0x0000000000027848       0x22 ./Core/Src/main.o
 .debug_macro   0x000000000002786a       0x10 ./Core/Src/main.o
 .debug_macro   0x000000000002787a       0x52 ./Core/Src/main.o
 .debug_macro   0x00000000000278cc       0xd5 ./Core/Src/main.o
 .debug_macro   0x00000000000279a1       0x1c ./Core/Src/main.o
 .debug_macro   0x00000000000279bd       0x3d ./Core/Src/main.o
 .debug_macro   0x00000000000279fa       0x16 ./Core/Src/main.o
 .debug_macro   0x0000000000027a10      0x145 ./Core/Src/main.o
 .debug_macro   0x0000000000027b55       0x16 ./Core/Src/main.o
 .debug_macro   0x0000000000027b6b       0x20 ./Core/Src/main.o
 .debug_macro   0x0000000000027b8b       0x22 ./Core/Src/main.o
 .debug_macro   0x0000000000027bad       0xa6 ./Core/Src/main.o
 .debug_macro   0x0000000000027c53       0x16 ./Core/Src/main.o
 .debug_macro   0x0000000000027c69       0x16 ./Core/Src/main.o
 .debug_macro   0x0000000000027c7f       0x29 ./Core/Src/main.o
 .debug_macro   0x0000000000027ca8      0x160 ./Core/Src/main.o
 .debug_macro   0x0000000000027e08      0x22a ./Core/Src/spi.o
 .debug_macro   0x0000000000028032      0x220 ./Core/Src/stm32l4xx_hal_msp.o
 .debug_macro   0x0000000000028252      0x22a ./Core/Src/stm32l4xx_it.o
 .debug_macro   0x000000000002847c      0x211 ./Core/Src/system_stm32l4xx.o
 .debug_macro   0x000000000002868d      0x22a ./Core/Src/tim.o
 .debug_macro   0x00000000000288b7      0x22a ./Core/Src/usart.o
 .debug_macro   0x0000000000028ae1      0x25f ./Drivers/STM32L4xx_HAL_Driver/Src/stm32l4xx_hal.o
 .debug_macro   0x0000000000028d40      0x211 ./Drivers/STM32L4xx_HAL_Driver/Src/stm32l4xx_hal_cortex.o
 .debug_macro   0x0000000000028f51      0x211 ./Drivers/STM32L4xx_HAL_Driver/Src/stm32l4xx_hal_dma.o
 .debug_macro   0x0000000000029162      0x218 ./Drivers/STM32L4xx_HAL_Driver/Src/stm32l4xx_hal_gpio.o
 .debug_macro   0x000000000002937a      0x2dd ./Drivers/STM32L4xx_HAL_Driver/Src/stm32l4xx_hal_i2c.o
 .debug_macro   0x0000000000029657      0x211 ./Drivers/STM32L4xx_HAL_Driver/Src/stm32l4xx_hal_i2c_ex.o
 .debug_macro   0x0000000000029868      0x235 ./Drivers/STM32L4xx_HAL_Driver/Src/stm32l4xx_hal_pwr_ex.o
 .debug_macro   0x0000000000029a9d      0x253 ./Drivers/STM32L4xx_HAL_Driver/Src/stm32l4xx_hal_rcc.o
 .debug_macro   0x0000000000029cf0      0x247 ./Drivers/STM32L4xx_HAL_Driver/Src/stm32l4xx_hal_rcc_ex.o
 .debug_macro   0x0000000000029f37      0x219 ./Drivers/STM32L4xx_HAL_Driver/Src/stm32l4xx_hal_spi.o
 .debug_macro   0x000000000002a150      0x212 ./Drivers/STM32L4xx_HAL_Driver/Src/stm32l4xx_hal_tim.o
 .debug_macro   0x000000000002a362      0x211 ./Drivers/STM32L4xx_HAL_Driver/Src/stm32l4xx_hal_tim_ex.o
 .debug_macro   0x000000000002a573      0x23c ./Drivers/STM32L4xx_HAL_Driver/Src/stm32l4xx_hal_uart.o
 .debug_macro   0x000000000002a7af      0x3c6 ./Mydriver/Src/MPU6050.o
 .debug_macro   0x000000000002ab75       0x97 ./Mydriver/Src/MPU6050.o
 .debug_macro   0x000000000002ac0c       0xfd ./Mydriver/Src/MPU6050.o
 .debug_macro   0x000000000002ad09       0x56 ./Mydriver/Src/MPU6050.o
 .debug_macro   0x000000000002ad5f      0x3c6 ./Mydriver/Src/MyHcsr04.o

.debug_line     0x0000000000000000    0x1c26e
 .debug_line    0x0000000000000000      0x838 ./Core/Src/adc.o
 .debug_line    0x0000000000000838      0x75d ./Core/Src/dma.o
 .debug_line    0x0000000000000f95      0x797 ./Core/Src/gpio.o
 .debug_line    0x000000000000172c      0x7f2 ./Core/Src/i2c.o
 .debug_line    0x0000000000001f1e      0xaef ./Core/Src/main.o
 .debug_line    0x0000000000002a0d      0x7ec ./Core/Src/spi.o
 .debug_line    0x00000000000031f9      0x761 ./Core/Src/stm32l4xx_hal_msp.o
 .debug_line    0x000000000000395a      0x854 ./Core/Src/stm32l4xx_it.o
 .debug_line    0x00000000000041ae      0x7f9 ./Core/Src/system_stm32l4xx.o
 .debug_line    0x00000000000049a7      0x8c9 ./Core/Src/tim.o
 .debug_line    0x0000000000005270      0x7e3 ./Core/Src/usart.o
 .debug_line    0x0000000000005a53       0x88 ./Core/Startup/startup_stm32l476rgtx.o
 .debug_line    0x0000000000005adb      0xb52 ./Drivers/STM32L4xx_HAL_Driver/Src/stm32l4xx_hal.o
 .debug_line    0x000000000000662d      0xcf8 ./Drivers/STM32L4xx_HAL_Driver/Src/stm32l4xx_hal_cortex.o
 .debug_line    0x0000000000007325      0xd30 ./Drivers/STM32L4xx_HAL_Driver/Src/stm32l4xx_hal_dma.o
 .debug_line    0x0000000000008055      0xbc5 ./Drivers/STM32L4xx_HAL_Driver/Src/stm32l4xx_hal_gpio.o
 .debug_line    0x0000000000008c1a     0x36e3 ./Drivers/STM32L4xx_HAL_Driver/Src/stm32l4xx_hal_i2c.o
 .debug_line    0x000000000000c2fd      0x97f ./Drivers/STM32L4xx_HAL_Driver/Src/stm32l4xx_hal_i2c_ex.o
 .debug_line    0x000000000000cc7c      0xd49 ./Drivers/STM32L4xx_HAL_Driver/Src/stm32l4xx_hal_pwr_ex.o
 .debug_line    0x000000000000d9c5      0xfcb ./Drivers/STM32L4xx_HAL_Driver/Src/stm32l4xx_hal_rcc.o
 .debug_line    0x000000000000e990     0x150a ./Drivers/STM32L4xx_HAL_Driver/Src/stm32l4xx_hal_rcc_ex.o
 .debug_line    0x000000000000fe9a     0x1f8b ./Drivers/STM32L4xx_HAL_Driver/Src/stm32l4xx_hal_spi.o
 .debug_line    0x0000000000011e25     0x3dbe ./Drivers/STM32L4xx_HAL_Driver/Src/stm32l4xx_hal_tim.o
 .debug_line    0x0000000000015be3     0x1c57 ./Drivers/STM32L4xx_HAL_Driver/Src/stm32l4xx_hal_tim_ex.o
 .debug_line    0x000000000001783a     0x32cf ./Drivers/STM32L4xx_HAL_Driver/Src/stm32l4xx_hal_uart.o
 .debug_line    0x000000000001ab09      0xcd7 ./Mydriver/Src/MPU6050.o
 .debug_line    0x000000000001b7e0      0xa8e ./Mydriver/Src/MyHcsr04.o

.debug_str      0x0000000000000000   0x10a6fc
 .debug_str     0x0000000000000000    0xfff84 ./Core/Src/adc.o
                                     0x1004f2 (size before relaxing)
 .debug_str     0x00000000000fff84      0x49a ./Core/Src/dma.o
                                     0x100190 (size before relaxing)
 .debug_str     0x000000000010041e       0xee ./Core/Src/gpio.o
                                      0xffd50 (size before relaxing)
 .debug_str     0x000000000010050c      0x2d2 ./Core/Src/i2c.o
                                     0x10052d (size before relaxing)
 .debug_str     0x00000000001007de     0x4a6e ./Core/Src/main.o
                                     0x1046d3 (size before relaxing)
 .debug_str     0x000000000010524c      0x202 ./Core/Src/spi.o
                                     0x10017c (size before relaxing)
 .debug_str     0x000000000010544e       0x2c ./Core/Src/stm32l4xx_hal_msp.o
                                      0xffc80 (size before relaxing)
 .debug_str     0x000000000010547a      0x3bc ./Core/Src/stm32l4xx_it.o
                                     0x10012d (size before relaxing)
 .debug_str     0x0000000000105836       0xf2 ./Core/Src/system_stm32l4xx.o
                                      0xffc21 (size before relaxing)
 .debug_str     0x0000000000105928      0x291 ./Core/Src/tim.o
                                     0x100a53 (size before relaxing)
 .debug_str     0x0000000000105bb9      0x1e3 ./Core/Src/usart.o
                                     0x100452 (size before relaxing)
 .debug_str     0x0000000000105d9c       0x36 ./Core/Startup/startup_stm32l476rgtx.o
                                         0x75 (size before relaxing)
 .debug_str     0x0000000000105dd2      0x695 ./Drivers/STM32L4xx_HAL_Driver/Src/stm32l4xx_hal.o
                                     0x100820 (size before relaxing)
 .debug_str     0x0000000000106467      0x31d ./Drivers/STM32L4xx_HAL_Driver/Src/stm32l4xx_hal_cortex.o
                                     0x100468 (size before relaxing)
 .debug_str     0x0000000000106784      0x224 ./Drivers/STM32L4xx_HAL_Driver/Src/stm32l4xx_hal_dma.o
                                      0xffe8b (size before relaxing)
 .debug_str     0x00000000001069a8      0x110 ./Drivers/STM32L4xx_HAL_Driver/Src/stm32l4xx_hal_gpio.o
                                      0xffd9a (size before relaxing)
 .debug_str     0x0000000000106ab8      0xdb1 ./Drivers/STM32L4xx_HAL_Driver/Src/stm32l4xx_hal_i2c.o
                                     0x100e25 (size before relaxing)
 .debug_str     0x0000000000107869       0xb8 ./Drivers/STM32L4xx_HAL_Driver/Src/stm32l4xx_hal_i2c_ex.o
                                     0x100158 (size before relaxing)
 .debug_str     0x0000000000107921      0x4e3 ./Drivers/STM32L4xx_HAL_Driver/Src/stm32l4xx_hal_pwr_ex.o
                                     0x10017c (size before relaxing)
 .debug_str     0x0000000000107e04      0x33a ./Drivers/STM32L4xx_HAL_Driver/Src/stm32l4xx_hal_rcc.o
                                     0x100267 (size before relaxing)
 .debug_str     0x000000000010813e      0x3bf ./Drivers/STM32L4xx_HAL_Driver/Src/stm32l4xx_hal_rcc_ex.o
                                     0x1003e0 (size before relaxing)
 .debug_str     0x00000000001084fd      0x56b ./Drivers/STM32L4xx_HAL_Driver/Src/stm32l4xx_hal_spi.o
                                     0x100442 (size before relaxing)
 .debug_str     0x0000000000108a68      0xd15 ./Drivers/STM32L4xx_HAL_Driver/Src/stm32l4xx_hal_tim.o
                                     0x100f51 (size before relaxing)
 .debug_str     0x000000000010977d      0x588 ./Drivers/STM32L4xx_HAL_Driver/Src/stm32l4xx_hal_tim_ex.o
                                     0x100875 (size before relaxing)
 .debug_str     0x0000000000109d05      0x88a ./Drivers/STM32L4xx_HAL_Driver/Src/stm32l4xx_hal_uart.o
                                     0x100951 (size before relaxing)
 .debug_str     0x000000000010a58f       0xc7 ./Mydriver/Src/MPU6050.o
                                     0x1046cc (size before relaxing)
 .debug_str     0x000000000010a656       0xa6 ./Mydriver/Src/MyHcsr04.o
                                     0x104031 (size before relaxing)

.comment        0x0000000000000000       0x50
 .comment       0x0000000000000000       0x50 ./Core/Src/adc.o
                                         0x51 (size before relaxing)
 .comment       0x0000000000000050       0x51 ./Core/Src/dma.o
 .comment       0x0000000000000050       0x51 ./Core/Src/gpio.o
 .comment       0x0000000000000050       0x51 ./Core/Src/i2c.o
 .comment       0x0000000000000050       0x51 ./Core/Src/main.o
 .comment       0x0000000000000050       0x51 ./Core/Src/spi.o
 .comment       0x0000000000000050       0x51 ./Core/Src/stm32l4xx_hal_msp.o
 .comment       0x0000000000000050       0x51 ./Core/Src/stm32l4xx_it.o
 .comment       0x0000000000000050       0x51 ./Core/Src/system_stm32l4xx.o
 .comment       0x0000000000000050       0x51 ./Core/Src/tim.o
 .comment       0x0000000000000050       0x51 ./Core/Src/usart.o
 .comment       0x0000000000000050       0x51 ./Drivers/STM32L4xx_HAL_Driver/Src/stm32l4xx_hal.o
 .comment       0x0000000000000050       0x51 ./Drivers/STM32L4xx_HAL_Driver/Src/stm32l4xx_hal_cortex.o
 .comment       0x0000000000000050       0x51 ./Drivers/STM32L4xx_HAL_Driver/Src/stm32l4xx_hal_dma.o
 .comment       0x0000000000000050       0x51 ./Drivers/STM32L4xx_HAL_Driver/Src/stm32l4xx_hal_gpio.o
 .comment       0x0000000000000050       0x51 ./Drivers/STM32L4xx_HAL_Driver/Src/stm32l4xx_hal_i2c.o
 .comment       0x0000000000000050       0x51 ./Drivers/STM32L4xx_HAL_Driver/Src/stm32l4xx_hal_i2c_ex.o
 .comment       0x0000000000000050       0x51 ./Drivers/STM32L4xx_HAL_Driver/Src/stm32l4xx_hal_pwr_ex.o
 .comment       0x0000000000000050       0x51 ./Drivers/STM32L4xx_HAL_Driver/Src/stm32l4xx_hal_rcc.o
 .comment       0x0000000000000050       0x51 ./Drivers/STM32L4xx_HAL_Driver/Src/stm32l4xx_hal_rcc_ex.o
 .comment       0x0000000000000050       0x51 ./Drivers/STM32L4xx_HAL_Driver/Src/stm32l4xx_hal_spi.o
 .comment       0x0000000000000050       0x51 ./Drivers/STM32L4xx_HAL_Driver/Src/stm32l4xx_hal_tim.o
 .comment       0x0000000000000050       0x51 ./Drivers/STM32L4xx_HAL_Driver/Src/stm32l4xx_hal_tim_ex.o
 .comment       0x0000000000000050       0x51 ./Drivers/STM32L4xx_HAL_Driver/Src/stm32l4xx_hal_uart.o
 .comment       0x0000000000000050       0x51 ./Mydriver/Src/MPU6050.o
 .comment       0x0000000000000050       0x51 ./Mydriver/Src/MyHcsr04.o

.debug_frame    0x0000000000000000     0x58d8
 .debug_frame   0x0000000000000000       0x80 ./Core/Src/adc.o
 .debug_frame   0x0000000000000080       0x34 ./Core/Src/dma.o
 .debug_frame   0x00000000000000b4       0x34 ./Core/Src/gpio.o
 .debug_frame   0x00000000000000e8       0x78 ./Core/Src/i2c.o
 .debug_frame   0x0000000000000160       0x78 ./Core/Src/main.o
 .debug_frame   0x00000000000001d8       0x74 ./Core/Src/spi.o
 .debug_frame   0x000000000000024c       0x38 ./Core/Src/stm32l4xx_hal_msp.o
 .debug_frame   0x0000000000000284      0x13c ./Core/Src/stm32l4xx_it.o
 .debug_frame   0x00000000000003c0       0x58 ./Core/Src/system_stm32l4xx.o
 .debug_frame   0x0000000000000418      0x114 ./Core/Src/tim.o
 .debug_frame   0x000000000000052c       0x78 ./Core/Src/usart.o
 .debug_frame   0x00000000000005a4      0x498 ./Drivers/STM32L4xx_HAL_Driver/Src/stm32l4xx_hal.o
 .debug_frame   0x0000000000000a3c      0x498 ./Drivers/STM32L4xx_HAL_Driver/Src/stm32l4xx_hal_cortex.o
 .debug_frame   0x0000000000000ed4      0x204 ./Drivers/STM32L4xx_HAL_Driver/Src/stm32l4xx_hal_dma.o
 .debug_frame   0x00000000000010d8      0x14c ./Drivers/STM32L4xx_HAL_Driver/Src/stm32l4xx_hal_gpio.o
 .debug_frame   0x0000000000001224      0xc38 ./Drivers/STM32L4xx_HAL_Driver/Src/stm32l4xx_hal_i2c.o
 .debug_frame   0x0000000000001e5c      0x100 ./Drivers/STM32L4xx_HAL_Driver/Src/stm32l4xx_hal_i2c_ex.o
 .debug_frame   0x0000000000001f5c      0x584 ./Drivers/STM32L4xx_HAL_Driver/Src/stm32l4xx_hal_pwr_ex.o
 .debug_frame   0x00000000000024e0      0x21c ./Drivers/STM32L4xx_HAL_Driver/Src/stm32l4xx_hal_rcc.o
 .debug_frame   0x00000000000026fc      0x2fc ./Drivers/STM32L4xx_HAL_Driver/Src/stm32l4xx_hal_rcc_ex.o
 .debug_frame   0x00000000000029f8      0x860 ./Drivers/STM32L4xx_HAL_Driver/Src/stm32l4xx_hal_spi.o
 .debug_frame   0x0000000000003258     0x121c ./Drivers/STM32L4xx_HAL_Driver/Src/stm32l4xx_hal_tim.o
 .debug_frame   0x0000000000004474      0x6b0 ./Drivers/STM32L4xx_HAL_Driver/Src/stm32l4xx_hal_tim_ex.o
 .debug_frame   0x0000000000004b24      0x9f4 ./Drivers/STM32L4xx_HAL_Driver/Src/stm32l4xx_hal_uart.o
 .debug_frame   0x0000000000005518      0x160 ./Mydriver/Src/MPU6050.o
 .debug_frame   0x0000000000005678       0x94 ./Mydriver/Src/MyHcsr04.o
 .debug_frame   0x000000000000570c       0x2c c:/st/stm32cubeide_1.9.0/stm32cubeide/plugins/com.st.stm32cube.ide.mcu.externaltools.gnu-tools-for-stm32.10.3-2021.10.win32_1.0.0.202111181127/tools/bin/../lib/gcc/arm-none-eabi/10.3.1/../../../../arm-none-eabi/lib/thumb/v7e-m+fp/hard\libc_nano.a(lib_a-init.o)
 .debug_frame   0x0000000000005738       0x20 c:/st/stm32cubeide_1.9.0/stm32cubeide/plugins/com.st.stm32cube.ide.mcu.externaltools.gnu-tools-for-stm32.10.3-2021.10.win32_1.0.0.202111181127/tools/bin/../lib/gcc/arm-none-eabi/10.3.1/../../../../arm-none-eabi/lib/thumb/v7e-m+fp/hard\libc_nano.a(lib_a-memset.o)
 .debug_frame   0x0000000000005758       0xac c:/st/stm32cubeide_1.9.0/stm32cubeide/plugins/com.st.stm32cube.ide.mcu.externaltools.gnu-tools-for-stm32.10.3-2021.10.win32_1.0.0.202111181127/tools/bin/../lib/gcc/arm-none-eabi/10.3.1/thumb/v7e-m+fp/hard\libgcc.a(_arm_addsubdf3.o)
 .debug_frame   0x0000000000005804       0x50 c:/st/stm32cubeide_1.9.0/stm32cubeide/plugins/com.st.stm32cube.ide.mcu.externaltools.gnu-tools-for-stm32.10.3-2021.10.win32_1.0.0.202111181127/tools/bin/../lib/gcc/arm-none-eabi/10.3.1/thumb/v7e-m+fp/hard\libgcc.a(_arm_muldivdf3.o)
 .debug_frame   0x0000000000005854       0x24 c:/st/stm32cubeide_1.9.0/stm32cubeide/plugins/com.st.stm32cube.ide.mcu.externaltools.gnu-tools-for-stm32.10.3-2021.10.win32_1.0.0.202111181127/tools/bin/../lib/gcc/arm-none-eabi/10.3.1/thumb/v7e-m+fp/hard\libgcc.a(_arm_fixunsdfsi.o)
 .debug_frame   0x0000000000005878       0x2c c:/st/stm32cubeide_1.9.0/stm32cubeide/plugins/com.st.stm32cube.ide.mcu.externaltools.gnu-tools-for-stm32.10.3-2021.10.win32_1.0.0.202111181127/tools/bin/../lib/gcc/arm-none-eabi/10.3.1/thumb/v7e-m+fp/hard\libgcc.a(_aeabi_uldivmod.o)
 .debug_frame   0x00000000000058a4       0x34 c:/st/stm32cubeide_1.9.0/stm32cubeide/plugins/com.st.stm32cube.ide.mcu.externaltools.gnu-tools-for-stm32.10.3-2021.10.win32_1.0.0.202111181127/tools/bin/../lib/gcc/arm-none-eabi/10.3.1/thumb/v7e-m+fp/hard\libgcc.a(_udivmoddi4.o)
